[themes.iki-bir.com/missio/index.html]
[themes.iki-bir.com/missio/style/images/favicon.png]
[backblue.gif]
[fade.gif]
[index.html]
[themes.iki-bir.com/missio/style/css/bootstrap.min.css]
[themes.iki-bir.com/missio/style/css/plugins.css]
[themes.iki-bir.com/missio/style/revolution/css/settings.css]
[themes.iki-bir.com/missio/style/revolution/css/layers.css]
[themes.iki-bir.com/missio/style/type/icons.css]
[themes.iki-bir.com/missio/style.css]
[themes.iki-bir.com/missio/style/revolution/css/navigation.css]
[themes.iki-bir.com/missio/style/css/color/rose.css]
[themes.iki-bir.com/missio/index2.html]
[themes.iki-bir.com/missio/index3.html]
[themes.iki-bir.com/missio/index4.html]
[themes.iki-bir.com/missio/index5.html]
[themes.iki-bir.com/missio/style/images/art/me2.jpg]
[themes.iki-bir.com/missio/index6.html]
[themes.iki-bir.com/missio/index7.html]
[themes.iki-bir.com/missio/index8.html]
[themes.iki-bir.com/missio/index9.html]
[themes.iki-bir.com/missio/index10.html]
[themes.iki-bir.com/missio/index11.html]
[themes.iki-bir.com/missio/index13.html]
[themes.iki-bir.com/missio/index12.html]
[themes.iki-bir.com/missio/index14.html]
[themes.iki-bir.com/missio/index15.html]
[themes.iki-bir.com/missio/index16.html]
[themes.iki-bir.com/missio/index17.html]
[themes.iki-bir.com/missio/index18.html]
[themes.iki-bir.com/missio/index19.html]
[themes.iki-bir.com/missio/index20.html]
[themes.iki-bir.com/missio/index21.html]
[themes.iki-bir.com/missio/index23.html]
[themes.iki-bir.com/missio/index22.html]
[themes.iki-bir.com/missio/index24.html]
[themes.iki-bir.com/missio/index25.html]
[themes.iki-bir.com/missio/index26.html]
[themes.iki-bir.com/missio/index27.html]
[themes.iki-bir.com/missio/index28.html]
[themes.iki-bir.com/missio/index29.html]
[themes.iki-bir.com/missio/index30.html]
[themes.iki-bir.com/missio/index31.html]
[themes.iki-bir.com/missio/index32.html]
[themes.iki-bir.com/missio/index33.html]
[themes.iki-bir.com/missio/index34.html]
[themes.iki-bir.com/missio/index35.html]
[themes.iki-bir.com/missio/index36.html]
[themes.iki-bir.com/missio/index38.html]
[themes.iki-bir.com/missio/index37.html]
[themes.iki-bir.com/missio/index39.html]
[themes.iki-bir.com/missio/index40.html]
[themes.iki-bir.com/missio/index41.html]
[themes.iki-bir.com/missio/index42.html]
[themes.iki-bir.com/missio/index43.html]
[themes.iki-bir.com/missio/index44.html]
[themes.iki-bir.com/missio/index45.html]
[themes.iki-bir.com/missio/index46.html]
[themes.iki-bir.com/missio/index47.html]
[themes.iki-bir.com/missio/index48.html]
[themes.iki-bir.com/missio/portfolio.html]
[themes.iki-bir.com/missio/portfolio2.html]
[themes.iki-bir.com/missio/portfolio3.html]
[themes.iki-bir.com/missio/portfolio4.html]
[themes.iki-bir.com/missio/portfolio5.html]
[themes.iki-bir.com/missio/portfolio6.html]
[themes.iki-bir.com/missio/portfolio7.html]
[themes.iki-bir.com/missio/portfolio8.html]
[themes.iki-bir.com/missio/gallery.html]
[themes.iki-bir.com/missio/gallery2.html]
[themes.iki-bir.com/missio/gallery3.html]
[themes.iki-bir.com/missio/gallery4.html]
[themes.iki-bir.com/missio/gallery5.html]
[themes.iki-bir.com/missio/gallery6.html]
[themes.iki-bir.com/missio/gallery7.html]
[themes.iki-bir.com/missio/gallery-post.html]
[themes.iki-bir.com/missio/gallery-post2.html]
[themes.iki-bir.com/missio/gallery-post3.html]
[themes.iki-bir.com/missio/gallery-post4.html]
[themes.iki-bir.com/missio/about.html]
[themes.iki-bir.com/missio/about2.html]
[themes.iki-bir.com/missio/services.html]
[themes.iki-bir.com/missio/page-loading.html]
[themes.iki-bir.com/missio/blog2.html]
[themes.iki-bir.com/missio/blog.html]
[themes.iki-bir.com/missio/blog3.html]
[themes.iki-bir.com/missio/blog4.html]
[themes.iki-bir.com/missio/blog5.html]
[themes.iki-bir.com/missio/blog-post.html]
[themes.iki-bir.com/missio/blog-post2.html]
[themes.iki-bir.com/missio/blog-post3.html]
[themes.iki-bir.com/missio/header.html]
[themes.iki-bir.com/missio/header2.html]
[themes.iki-bir.com/missio/header3.html]
[themes.iki-bir.com/missio/header4.html]
[themes.iki-bir.com/missio/header5.html]
[themes.iki-bir.com/missio/header6.html]
[themes.iki-bir.com/missio/header7.html]
[themes.iki-bir.com/missio/header8.html]
[themes.iki-bir.com/missio/header9.html]
[themes.iki-bir.com/missio/slider.html]
[themes.iki-bir.com/missio/slider2.html]
[themes.iki-bir.com/missio/slider3.html]
[themes.iki-bir.com/missio/slider4.html]
[themes.iki-bir.com/missio/slider5.html]
[themes.iki-bir.com/missio/slider6.html]
[themes.iki-bir.com/missio/slider7.html]
[themes.iki-bir.com/missio/slider8.html]
[themes.iki-bir.com/missio/slider9.html]
[themes.iki-bir.com/missio/slider10.html]
[themes.iki-bir.com/missio/slider11.html]
[themes.iki-bir.com/missio/slider12.html]
[themes.iki-bir.com/missio/slider13.html]
[themes.iki-bir.com/missio/slider14.html]
[themes.iki-bir.com/missio/slider15.html]
[themes.iki-bir.com/missio/slider16.html]
[themes.iki-bir.com/missio/footer.html]
[themes.iki-bir.com/missio/footer2.html]
[themes.iki-bir.com/missio/footer3.html]
[themes.iki-bir.com/missio/footer4.html]
[themes.iki-bir.com/missio/font1.html]
[themes.iki-bir.com/missio/font2.html]
[themes.iki-bir.com/missio/font3.html]
[themes.iki-bir.com/missio/font4.html]
[themes.iki-bir.com/missio/font5.html]
[themes.iki-bir.com/missio/font6.html]
[themes.iki-bir.com/missio/font7.html]
[themes.iki-bir.com/missio/color1.html]
[themes.iki-bir.com/missio/color3.html]
[themes.iki-bir.com/missio/color4.html]
[themes.iki-bir.com/missio/color2.html]
[themes.iki-bir.com/missio/color5.html]
[themes.iki-bir.com/missio/color6.html]
[themes.iki-bir.com/missio/color7.html]
[themes.iki-bir.com/missio/color8.html]
[themes.iki-bir.com/missio/color9.html]
[themes.iki-bir.com/missio/color10.html]
[themes.iki-bir.com/missio/color11.html]
[themes.iki-bir.com/missio/color12.html]
[themes.iki-bir.com/missio/color13.html]
[themes.iki-bir.com/missio/color14.html]
[themes.iki-bir.com/missio/color15.html]
[themes.iki-bir.com/missio/color16.html]
[themes.iki-bir.com/missio/box-layout.html]
[themes.iki-bir.com/missio/accordion.html]
[themes.iki-bir.com/missio/alerts.html]
[themes.iki-bir.com/missio/blockquote.html]
[themes.iki-bir.com/missio/buttons-badges.html]
[themes.iki-bir.com/missio/style/images/art/me1.jpg]
[themes.iki-bir.com/missio/caption.html]
[themes.iki-bir.com/missio/color-box.html]
[themes.iki-bir.com/missio/countdown.html]
[themes.iki-bir.com/missio/counter.html]
[themes.iki-bir.com/missio/dividers.html]
[themes.iki-bir.com/missio/dropcap.html]
[themes.iki-bir.com/missio/forms.html]
[themes.iki-bir.com/missio/icon-solid.html]
[themes.iki-bir.com/missio/icon-line.html]
[themes.iki-bir.com/missio/instagram-feed.html]
[themes.iki-bir.com/missio/hover.html]
[themes.iki-bir.com/missio/lightbox.html]
[themes.iki-bir.com/missio/lists.html]
[themes.iki-bir.com/missio/list-group.html]
[themes.iki-bir.com/missio/player.html]
[themes.iki-bir.com/missio/pagination.html]
[themes.iki-bir.com/missio/pricing.html]
[themes.iki-bir.com/missio/progressbar.html]
[themes.iki-bir.com/missio/animations.html]
[themes.iki-bir.com/missio/services-icon.html]
[themes.iki-bir.com/missio/services-image.html]
[themes.iki-bir.com/missio/social-icons.html]
[themes.iki-bir.com/missio/tables.html]
[themes.iki-bir.com/missio/tabs.html]
[themes.iki-bir.com/missio/team.html]
[themes.iki-bir.com/missio/testimonials.html]
[themes.iki-bir.com/missio/tooltip-popover.html]
[themes.iki-bir.com/missio/typography.html]
[themes.iki-bir.com/missio/wrappers.html]
[themes.iki-bir.com/missio/contact.html]
[themes.iki-bir.com/missio/contact2.html]
[themes.iki-bir.com/missio/contact3.html]
[themes.iki-bir.com/missio/style/images/art/cw20.jpg]
[themes.iki-bir.com/missio/style/images/art/cw19.jpg]
[themes.iki-bir.com/missio/style/images/art/cw22.jpg]
[themes.iki-bir.com/missio/style/images/art/cw21.jpg]
[themes.iki-bir.com/missio/style/images/art/cw25.jpg]
[themes.iki-bir.com/missio/style/images/art/cw23.jpg]
[themes.iki-bir.com/missio/style/images/art/cw24.jpg]
[themes.iki-bir.com/missio/style/images/art/cw26.jpg]
[themes.iki-bir.com/missio/style/images/art/about10.jpg]
[themes.iki-bir.com/missio/style/images/art/ge1.jpg]
[themes.iki-bir.com/missio/style/images/art/ge3.jpg]
[themes.iki-bir.com/missio/style/images/art/ge2.jpg]
[themes.iki-bir.com/missio/style/images/art/cw27.jpg]
[themes.iki-bir.com/missio/style/images/art/ge4.jpg]
[themes.iki-bir.com/missio/style/images/art/ge5.jpg]
[themes.iki-bir.com/missio/style/images/art/ge6.jpg]
[themes.iki-bir.com/missio/style/images/art/ge11.jpg]
[themes.iki-bir.com/missio/style/images/art/ge8.jpg]
[themes.iki-bir.com/missio/style/images/art/ge9.jpg]
[themes.iki-bir.com/missio/style/images/art/ge13.jpg]
[themes.iki-bir.com/missio/style/images/art/gb13.jpg]
[themes.iki-bir.com/missio/style/images/art/ge14.jpg]
[themes.iki-bir.com/missio/style/images/art/gb15.jpg]
[themes.iki-bir.com/missio/style/images/art/gb14.jpg]
[themes.iki-bir.com/missio/style/images/art/gb17.jpg]
[themes.iki-bir.com/missio/style/images/art/gb16.jpg]
[themes.iki-bir.com/missio/style/images/art/a13.jpg]
[themes.iki-bir.com/missio/style/images/art/a14.jpg]
[themes.iki-bir.com/missio/style/images/art/a15.jpg]
[themes.iki-bir.com/missio/style/js/popper.min.js]
[themes.iki-bir.com/missio/style/js/bootstrap.min.js]
[themes.iki-bir.com/missio/style/js/jquery.min.js]
[themes.iki-bir.com/missio/style/revolution/js/jquery.themepunch.revolution.min.js]
[themes.iki-bir.com/missio/style/revolution/js/jquery.themepunch.tools.min.js]
[themes.iki-bir.com/missio/style/js/scripts.js]
[themes.iki-bir.com/missio/index.html]
[themes.iki-bir.com/missio/style/css/bootstrap.min.css]
[themes.iki-bir.com/missio/style/type/lg/lgd641.eot]
[themes.iki-bir.com/missio/style/type/lg/lgd41d.eot]
[themes.iki-bir.com/missio/style/type/lg/lgd641.woff]
[themes.iki-bir.com/missio/style/type/lg/lgd641.ttf]
[themes.iki-bir.com/missio/style/type/lg/lgd641.svg]
[themes.iki-bir.com/missio/style/images/vimeo-play.png]
[themes.iki-bir.com/missio/style/images/video-play.png]
[themes.iki-bir.com/missio/style/images/youtube-play.png]
[themes.iki-bir.com/missio/style/images/art/bg20.jpg]
[themes.iki-bir.com/missio/style/images/loading.gif]
[themes.iki-bir.com/missio/style/css/plugins.css]
[themes.iki-bir.com/missio/style/revolution/fonts/revicons/revicons90c6.eot]
[themes.iki-bir.com/missio/style/revolution/fonts/revicons/revicons90c6.woff]
[themes.iki-bir.com/missio/style/revolution/fonts/revicons/revicons90c6.ttf]
[themes.iki-bir.com/missio/style/revolution/fonts/revicons/revicons90c6.svg]
[themes.iki-bir.com/missio/style/js/plugins.js]
[themes.iki-bir.com/missio/style/revolution/css/openhand.cur]
[themes.iki-bir.com/missio/style/revolution/css/closedhand.cur]
[themes.iki-bir.com/missio/style/revolution/assets/gridtile.png]
[themes.iki-bir.com/missio/style/revolution/assets/gridtile_white.png]
[themes.iki-bir.com/missio/style/revolution/assets/gridtile_3x3.png]
[themes.iki-bir.com/missio/style/revolution/assets/gridtile_3x3_white.png]
[themes.iki-bir.com/missio/style/images/art/s1.png]
[themes.iki-bir.com/missio/style/revolution/assets/coloredbg.png]
[themes.iki-bir.com/missio/style/revolution/assets/loader.gif]
[themes.iki-bir.com/missio/style/revolution/css/settings.css]
[themes.iki-bir.com/missio/style/revolution/css/layers.css]
[themes.iki-bir.com/missio/style/revolution/css/navigation.css]
[themes.iki-bir.com/missio/style/type/lgc/louis_george_cafe-webfont.eot]
[themes.iki-bir.com/missio/style/type/lgc/louis_george_cafe-webfont.woff2]
[themes.iki-bir.com/missio/style/type/lgc/louis_george_cafe-webfontd41d.eot]
[themes.iki-bir.com/missio/style/type/lgc/louis_george_cafe-webfont.woff]
[themes.iki-bir.com/missio/style/type/lgc/louis_george_cafe-webfont.ttf]
[themes.iki-bir.com/missio/style/type/lgc/louis_george_cafe_italic-webfont.eot]
[themes.iki-bir.com/missio/style/type/lgc/louis_george_cafe_italic-webfont.woff2]
[themes.iki-bir.com/missio/style/type/lgc/louis_george_cafe_italic-webfontd41d.eot]
[themes.iki-bir.com/missio/style/type/lgc/louis_george_cafe_italic-webfont.woff]
[themes.iki-bir.com/missio/style/type/lgc/louis_george_cafe_italic-webfont.ttf]
[themes.iki-bir.com/missio/style/type/lgc/louis_george_cafe_bold-webfont.eot]
[themes.iki-bir.com/missio/style/type/lgc/louis_george_cafe_bold-webfont.woff2]
[themes.iki-bir.com/missio/style/type/lgc/louis_george_cafe_bold-webfontd41d.eot]
[themes.iki-bir.com/missio/style/type/lgc/louis_george_cafe_bold-webfont.woff]
[themes.iki-bir.com/missio/style/type/lgc/louis_george_cafe_bold-webfont.ttf]
[themes.iki-bir.com/missio/style/type/lgc/louis_george_cafe_bold_italic-webfont.eot]
[themes.iki-bir.com/missio/style/type/lgc/louis_george_cafe_bold_italic-webfont.woff2]
[themes.iki-bir.com/missio/style/type/lgc/louis_george_cafe_bold_italic-webfont.woff]
[themes.iki-bir.com/missio/style/type/lgc/louis_george_cafe_bold_italic-webfont.ttf]
[themes.iki-bir.com/missio/style/type/slimicons/Slimicons25cd.eot]
[themes.iki-bir.com/missio/style/type/slimicons/Slimicons25cd.ttf]
[themes.iki-bir.com/missio/style/type/slimicons/Slimicons25cd.woff]
[themes.iki-bir.com/missio/style/type/slimicons/Slimicons25cd.svg]
[themes.iki-bir.com/missio/style/type/fontawesome/fontawesome-webfont3e6e.eot]
[themes.iki-bir.com/missio/style/type/fontawesome/fontawesome-webfontd41d.eot]
[themes.iki-bir.com/missio/style/type/fontawesome/fontawesome-webfont3e6e.woff2]
[themes.iki-bir.com/missio/style/type/fontawesome/fontawesome-webfont3e6e.ttf]
[themes.iki-bir.com/missio/style/type/fontawesome/fontawesome-webfont3e6e.svg]
[themes.iki-bir.com/missio/style/type/missio/missioa0c4.eot]
[themes.iki-bir.com/missio/style/type/missio/missioa0c4.ttf]
[themes.iki-bir.com/missio/style/type/missio/missioa0c4.woff]
[themes.iki-bir.com/missio/style/type/missio/missioa0c4.svg]
[themes.iki-bir.com/missio/style/type/icons.css]
[themes.iki-bir.com/missio/style.css]
[themes.iki-bir.com/missio/style/css/color/rose.css]
[themes.iki-bir.com/missio/style/images/gradient.png]
[themes.iki-bir.com/missio/style/css/color/purple.css]
[themes.iki-bir.com/missio/style/css/font/font5.css]
[themes.iki-bir.com/missio/style/images/art/slider-bg65.jpg]
[themes.iki-bir.com/missio/style/images/art/slider-bg64.jpg]
[themes.iki-bir.com/missio/style/images/art/slider-bg63.jpg]
[themes.iki-bir.com/missio/style/images/art/slider-bg66.jpg]
[themes.iki-bir.com/missio/style/images/art/slider-bg67.jpg]
[themes.iki-bir.com/missio/style/images/art/about9.jpg]
[themes.iki-bir.com/missio/style/images/art/slider-bg70.jpg]
[themes.iki-bir.com/missio/style/images/art/slider-bg68.jpg]
[themes.iki-bir.com/missio/style/images/art/f16.jpg]
[themes.iki-bir.com/missio/style/images/art/slider-bg69.jpg]
[themes.iki-bir.com/missio/style/images/art/f18.jpg]
[themes.iki-bir.com/missio/style/images/art/f17.jpg]
[themes.iki-bir.com/missio/style/images/art/cw13.jpg]
[themes.iki-bir.com/missio/style/images/art/cw12.jpg]
[themes.iki-bir.com/missio/style/images/art/cw11.jpg]
[themes.iki-bir.com/missio/style/images/art/cw10.jpg]
[themes.iki-bir.com/missio/style/images/art/cw15.jpg]
[themes.iki-bir.com/missio/style/images/art/cw17.jpg]
[themes.iki-bir.com/missio/style/images/art/si35.jpg]
[themes.iki-bir.com/missio/style/images/art/si36.jpg]
[themes.iki-bir.com/missio/style/images/art/si10.jpg]
[themes.iki-bir.com/missio/style/images/art/cw18.jpg]
[themes.iki-bir.com/missio/style/images/art/te1.jpg]
[themes.iki-bir.com/missio/index2.html]
[themes.iki-bir.com/missio/style/images/art/te3.jpg]
[themes.iki-bir.com/missio/style/images/art/cw16.jpg]
[themes.iki-bir.com/missio/style/images/art/te2.jpg]
[themes.iki-bir.com/missio/style/images/art/wl1.jpg]
[themes.iki-bir.com/missio/style/images/art/wl2.jpg]
[themes.iki-bir.com/missio/style/images/art/wl3.jpg]
[themes.iki-bir.com/missio/style/images/art/wl5.jpg]
[themes.iki-bir.com/missio/style/images/art/wl6.jpg]
[themes.iki-bir.com/missio/style/images/art/slider-bg39.jpg]
[themes.iki-bir.com/missio/style/images/art/slider-bg41.jpg]
[themes.iki-bir.com/missio/style/images/art/wl8.jpg]
[themes.iki-bir.com/missio/style/images/art/a1.jpg]
[themes.iki-bir.com/missio/style/images/art/wl9.jpg]
[themes.iki-bir.com/missio/style/images/art/a2.jpg]
[themes.iki-bir.com/missio/index3.html]
[themes.iki-bir.com/missio/style/css/color/hibiscus.css]
[themes.iki-bir.com/missio/style/images/art/b6.jpg]
[themes.iki-bir.com/missio/style/images/art/slider-bg40.jpg]
[themes.iki-bir.com/missio/style/images/art/si34.jpg]
[themes.iki-bir.com/missio/style/media/wedding.mp4]
[themes.iki-bir.com/missio/style/media/wedding.webm]
[themes.iki-bir.com/missio/style/images/art/si33.jpg]
[themes.iki-bir.com/missio/style/media/wedding.jpg]
[themes.iki-bir.com/missio/style/images/art/fs1.jpg]
[themes.iki-bir.com/missio/style/images/art/fs2.jpg]
[themes.iki-bir.com/missio/style/images/art/fs3.jpg]
[themes.iki-bir.com/missio/index4.html]
[themes.iki-bir.com/missio/style/images/art/about8.jpg]
[themes.iki-bir.com/missio/style/images/art/g17.jpg]
[themes.iki-bir.com/missio/style/images/art/g18.jpg]
[themes.iki-bir.com/missio/style/images/art/fg1.jpg]
[themes.iki-bir.com/missio/style/images/art/fg3.jpg]
[themes.iki-bir.com/missio/style/images/art/fg4.jpg]
[themes.iki-bir.com/missio/style/images/art/bg19.jpg]
[themes.iki-bir.com/missio/style/images/art/co2.jpg]
[themes.iki-bir.com/missio/style/images/art/co4.jpg]
[themes.iki-bir.com/missio/style/images/art/co3.jpg]
[themes.iki-bir.com/missio/style/images/art/co6.jpg]
[themes.iki-bir.com/missio/style/images/art/co5.jpg]
[themes.iki-bir.com/missio/style/images/art/co7.jpg]
[themes.iki-bir.com/missio/style/images/art/co8.jpg]
[themes.iki-bir.com/missio/style/images/art/gb19.jpg]
[themes.iki-bir.com/missio/style/images/art/gb20.jpg]
[themes.iki-bir.com/missio/style/images/art/co9.jpg]
[themes.iki-bir.com/missio/style/images/art/gb21.jpg]
[themes.iki-bir.com/missio/style/images/art/gb22.jpg]
[themes.iki-bir.com/missio/style/images/art/gb23.jpg]
[themes.iki-bir.com/missio/style/images/art/gb24.jpg]
[themes.iki-bir.com/missio/style/images/art/gb25.jpg]
[themes.iki-bir.com/missio/index5.html]
[themes.iki-bir.com/missio/style/images/art/gb27.jpg]
[themes.iki-bir.com/missio/style/images/art/si26.jpg]
[themes.iki-bir.com/missio/style/images/art/si27.jpg]
[themes.iki-bir.com/missio/style/images/art/si28.jpg]
[themes.iki-bir.com/missio/style/images/art/slider-bg49.jpg]
[themes.iki-bir.com/missio/style/images/art/cp2.jpg]
[themes.iki-bir.com/missio/style/images/art/cp3.jpg]
[themes.iki-bir.com/missio/style/images/art/cp4.jpg]
[themes.iki-bir.com/missio/style/images/art/cp1.jpg]
[themes.iki-bir.com/missio/style/images/art/cp6.jpg]
[themes.iki-bir.com/missio/style/images/art/cp5.jpg]
[themes.iki-bir.com/missio/style/images/art/cp8.jpg]
[themes.iki-bir.com/missio/style/images/art/cp7.jpg]
[themes.iki-bir.com/missio/style/images/art/cp9.jpg]
[themes.iki-bir.com/missio/style/images/art/cp11.jpg]
[themes.iki-bir.com/missio/ajax/loadmore.html]
[themes.iki-bir.com/missio/index6.html]
[themes.iki-bir.com/missio/style/css/color/leaf.css]
[themes.iki-bir.com/missio/style/css/font/font6.css]
[themes.iki-bir.com/missio/style/images/art/cp10.jpg]
[themes.iki-bir.com/missio/style/images/art/f11.jpg]
[themes.iki-bir.com/missio/style/images/art/f10.jpg]
[themes.iki-bir.com/missio/style/images/art/f12.jpg]
[themes.iki-bir.com/missio/style/images/art/about2.jpg]
[themes.iki-bir.com/missio/style/images/art/f14.jpg]
[themes.iki-bir.com/missio/style/images/art/a4.jpg]
[themes.iki-bir.com/missio/style/images/art/a5.jpg]
[themes.iki-bir.com/missio/style/images/art/a6.jpg]
[themes.iki-bir.com/missio/index7.html]
[themes.iki-bir.com/missio/style/css/color/lavender.css]
[themes.iki-bir.com/missio/style/css/font/font3.css]
[themes.iki-bir.com/missio/style/images/art/slider-bg46.jpg]
[themes.iki-bir.com/missio/style/images/art/slider-bg47.jpg]
[themes.iki-bir.com/missio/style/images/art/bg17.jpg]
[themes.iki-bir.com/missio/style/images/art/slider-bg48.jpg]
[themes.iki-bir.com/missio/ajax/portfolio8-post1.html]
[themes.iki-bir.com/missio/style/images/art/an-th.jpg]
[themes.iki-bir.com/missio/style/images/art/au-th.jpg]
[themes.iki-bir.com/missio/ajax/portfolio8-post3.html]
[themes.iki-bir.com/missio/style/images/art/eg-th.jpg]
[themes.iki-bir.com/missio/style/images/art/sc-th.jpg]
[themes.iki-bir.com/missio/style/images/art/aa-th.jpg]
[themes.iki-bir.com/missio/ajax/portfolio8-post6.html]
[themes.iki-bir.com/missio/style/images/art/br-th.jpg]
[themes.iki-bir.com/missio/ajax/portfolio8-post7.html]
[themes.iki-bir.com/missio/style/images/art/mi-th.jpg]
[themes.iki-bir.com/missio/style/images/art/be-th.jpg]
[themes.iki-bir.com/missio/ajax/portfolio8-post9.html]
[themes.iki-bir.com/missio/style/images/art/in-th.jpg]
[themes.iki-bir.com/missio/style/images/art/gb29.jpg]
[themes.iki-bir.com/missio/index8.html]
[themes.iki-bir.com/missio/style/css/color/pink.css]
[themes.iki-bir.com/missio/style/images/art/bg4.jpg]
[themes.iki-bir.com/missio/style/images/dummy.png]
[themes.iki-bir.com/missio/style/images/art/si11.jpg]
[themes.iki-bir.com/missio/style/images/art/about.png]
[themes.iki-bir.com/missio/style/images/art/g10.jpg]
[themes.iki-bir.com/missio/style/images/art/g11.jpg]
[themes.iki-bir.com/missio/style/images/art/g12.jpg]
[themes.iki-bir.com/missio/style/images/art/bg2.jpg]
[themes.iki-bir.com/missio/style/images/art/g14.jpg]
[themes.iki-bir.com/missio/style/images/art/g15.jpg]
[themes.iki-bir.com/missio/index9.html]
[themes.iki-bir.com/missio/style/images/art/g16.jpg]
[themes.iki-bir.com/missio/style/images/art/slider-bg76.jpg]
[themes.iki-bir.com/missio/style/images/art/f19.jpg]
[themes.iki-bir.com/missio/style/images/art/f20.jpg]
[themes.iki-bir.com/missio/style/images/art/f21.jpg]
[themes.iki-bir.com/missio/style/images/art/gb31.jpg]
[themes.iki-bir.com/missio/style/images/art/b10.jpg]
[themes.iki-bir.com/missio/index10.html]
[themes.iki-bir.com/missio/style/images/art/b9.jpg]
[themes.iki-bir.com/missio/style/images/art/slider-bg50.jpg]
[themes.iki-bir.com/missio/style/images/art/slider-bg51.jpg]
[themes.iki-bir.com/missio/style/images/art/slider-bg53.jpg]
[themes.iki-bir.com/missio/style/images/art/slider-bg52.jpg]
[themes.iki-bir.com/missio/style/images/art/slider-bg54.jpg]
[themes.iki-bir.com/missio/style/images/art/slider-bg56.jpg]
[themes.iki-bir.com/missio/style/images/art/bg14.jpg]
[themes.iki-bir.com/missio/style/images/art/t1.jpg]
[themes.iki-bir.com/missio/style/images/art/t2.jpg]
[themes.iki-bir.com/missio/style/images/art/t3.jpg]
[themes.iki-bir.com/missio/style/images/art/slider-bg55.jpg]
[themes.iki-bir.com/missio/style/images/art/t4.jpg]
[themes.iki-bir.com/missio/style/images/art/si30.jpg]
[themes.iki-bir.com/missio/style/images/art/bg15.jpg]
[themes.iki-bir.com/missio/style/images/art/slider-bg74.jpg]
[themes.iki-bir.com/missio/index11.html]
[themes.iki-bir.com/missio/style/css/color/blue.css]
[themes.iki-bir.com/missio/style/images/art/si32.jpg]
[themes.iki-bir.com/missio/ajax/portfolio7-post1.html]
[themes.iki-bir.com/missio/style/images/art/si31.jpg]
[themes.iki-bir.com/missio/ajax/portfolio7-post2.html]
[themes.iki-bir.com/missio/style/images/art/v1.jpg]
[themes.iki-bir.com/missio/ajax/portfolio7-post3.html]
[themes.iki-bir.com/missio/style/images/art/about4.jpg]
[themes.iki-bir.com/missio/style/images/art/v2.jpg]
[themes.iki-bir.com/missio/style/images/art/v3.jpg]
[themes.iki-bir.com/missio/ajax/portfolio7-post6.html]
[themes.iki-bir.com/missio/style/images/art/v4.jpg]
[themes.iki-bir.com/missio/ajax/portfolio7-post7.html]
[themes.iki-bir.com/missio/style/images/art/v6.jpg]
[themes.iki-bir.com/missio/ajax/portfolio7-post8.html]
[themes.iki-bir.com/missio/style/images/art/v7.jpg]
[themes.iki-bir.com/missio/style/images/art/v5.jpg]
[themes.iki-bir.com/missio/ajax/portfolio7-post9.html]
[themes.iki-bir.com/missio/style/images/art/v8.jpg]
[themes.iki-bir.com/missio/style/images/art/gb32.jpg]
[themes.iki-bir.com/missio/index12.html]
[themes.iki-bir.com/missio/style/css/color/brown.css]
[themes.iki-bir.com/missio/style/images/art/gb33.jpg]
[themes.iki-bir.com/missio/style/images/art/si40.jpg]
[themes.iki-bir.com/missio/style/images/art/si42.jpg]
[themes.iki-bir.com/missio/style/images/art/si41.jpg]
[themes.iki-bir.com/missio/style/images/art/ti2.jpg]
[themes.iki-bir.com/missio/style/images/art/ti3.jpg]
[themes.iki-bir.com/missio/style/images/art/ti4.jpg]
[themes.iki-bir.com/missio/index13.html]
[themes.iki-bir.com/missio/style/css/font/font4.css]
[themes.iki-bir.com/missio/style/images/art/ti5.jpg]
[themes.iki-bir.com/missio/style/images/art/bg6.jpg]
[themes.iki-bir.com/missio/style/images/art/fc12.jpg]
[themes.iki-bir.com/missio/style/images/art/fc10.jpg]
[themes.iki-bir.com/missio/style/images/art/fc13.jpg]
[themes.iki-bir.com/missio/style/images/art/fc14.jpg]
[themes.iki-bir.com/missio/style/images/art/fc15.jpg]
[themes.iki-bir.com/missio/style/images/art/si22.jpg]
[themes.iki-bir.com/missio/style/images/art/si23.jpg]
[themes.iki-bir.com/missio/style/images/art/si24.jpg]
[themes.iki-bir.com/missio/style/images/art/si25.jpg]
[themes.iki-bir.com/missio/style/images/art/fc16.jpg]
[themes.iki-bir.com/missio/style/images/art/jp1.jpg]
[themes.iki-bir.com/missio/style/images/art/jp1-full.jpg]
[themes.iki-bir.com/missio/style/images/art/jp2.jpg]
[themes.iki-bir.com/missio/style/images/art/jp2-full.jpg]
[themes.iki-bir.com/missio/style/images/art/jp3.jpg]
[themes.iki-bir.com/missio/style/images/art/jp3-full.jpg]
[themes.iki-bir.com/missio/style/images/art/jp4.jpg]
[themes.iki-bir.com/missio/style/images/art/jp4-full.jpg]
[themes.iki-bir.com/missio/style/images/art/jp5-full.jpg]
[themes.iki-bir.com/missio/style/images/art/jp5.jpg]
[themes.iki-bir.com/missio/style/images/art/bg13.jpg]
[themes.iki-bir.com/missio/style/images/art/jp7.jpg]
[themes.iki-bir.com/missio/style/images/art/jp8.jpg]
[themes.iki-bir.com/missio/style/images/art/jp8-full.jpg]
[themes.iki-bir.com/missio/style/images/art/jp6-full.jpg]
[themes.iki-bir.com/missio/style/images/art/jp9.jpg]
[themes.iki-bir.com/missio/style/images/art/jp7-full.jpg]
[themes.iki-bir.com/missio/style/images/art/jp10.jpg]
[themes.iki-bir.com/missio/style/images/art/jp9-full.jpg]
[themes.iki-bir.com/missio/style/images/art/jp10-full.jpg]
[themes.iki-bir.com/missio/style/images/art/jp11.jpg]
[themes.iki-bir.com/missio/style/images/art/a10.jpg]
[themes.iki-bir.com/missio/style/images/art/a11.jpg]
[themes.iki-bir.com/missio/index14.html]
[themes.iki-bir.com/missio/style/css/font/font7.css]
[themes.iki-bir.com/missio/style/images/art/a12.jpg]
[themes.iki-bir.com/missio/style/images/art/jp11-full.jpg]
[themes.iki-bir.com/missio/style/images/art/slider-bg45.jpg]
[themes.iki-bir.com/missio/style/images/art/slider-bg72.jpg]
[themes.iki-bir.com/missio/style/images/art/about11.jpg]
[themes.iki-bir.com/missio/style/images/art/slider-bg71.jpg]
[themes.iki-bir.com/missio/style/images/art/ed3.jpg]
[themes.iki-bir.com/missio/style/images/art/ed4.jpg]
[themes.iki-bir.com/missio/style/images/art/ed1.jpg]
[themes.iki-bir.com/missio/style/images/art/ed5.jpg]
[themes.iki-bir.com/missio/style/images/art/ed7.jpg]
[themes.iki-bir.com/missio/style/images/art/ed8.jpg]
[themes.iki-bir.com/missio/style/images/art/ed10.jpg]
[themes.iki-bir.com/missio/style/images/art/ed6.jpg]
[themes.iki-bir.com/missio/style/images/art/ed11.jpg]
[themes.iki-bir.com/missio/style/images/art/bg12.jpg]
[themes.iki-bir.com/missio/style/images/art/po1.jpg]
[themes.iki-bir.com/missio/style/images/art/po2.jpg]
[themes.iki-bir.com/missio/style/images/art/po3.jpg]
[themes.iki-bir.com/missio/style/images/art/po5.jpg]
[themes.iki-bir.com/missio/style/images/art/po4.jpg]
[themes.iki-bir.com/missio/style/images/art/po7.jpg]
[themes.iki-bir.com/missio/style/images/art/po6.jpg]
[themes.iki-bir.com/missio/style/images/art/fa1.jpg]
[themes.iki-bir.com/missio/style/images/art/fa3.jpg]
[themes.iki-bir.com/missio/style/images/art/po9.jpg]
[themes.iki-bir.com/missio/style/images/art/fa4.jpg]
[themes.iki-bir.com/missio/style/images/art/fa2.jpg]
[themes.iki-bir.com/missio/style/images/art/fa5.jpg]
[themes.iki-bir.com/missio/style/images/art/fa6.jpg]
[themes.iki-bir.com/missio/index15.html]
[themes.iki-bir.com/missio/style/images/art/fa8.jpg]
[themes.iki-bir.com/missio/style/images/art/fa7.jpg]
[themes.iki-bir.com/missio/style/images/art/cw1.jpg]
[themes.iki-bir.com/missio/style/images/art/fa9.jpg]
[themes.iki-bir.com/missio/style/images/art/cw2.jpg]
[themes.iki-bir.com/missio/style/images/art/cw3.jpg]
[themes.iki-bir.com/missio/style/images/art/cw6.jpg]
[themes.iki-bir.com/missio/style/images/art/cw4.jpg]
[themes.iki-bir.com/missio/style/images/art/cw7.jpg]
[themes.iki-bir.com/missio/style/images/art/cw8.jpg]
[themes.iki-bir.com/missio/style/images/art/cw9.jpg]
[themes.iki-bir.com/missio/style/images/art/cw5.jpg]
[themes.iki-bir.com/missio/style/images/art/f8.jpg]
[themes.iki-bir.com/missio/index16.html]
[themes.iki-bir.com/missio/ajax/inline-about.html]
[themes.iki-bir.com/missio/ajax/inline-editorial.html]
[themes.iki-bir.com/missio/ajax/inline-portrait.html]
[themes.iki-bir.com/missio/ajax/inline-fashion.html]
[themes.iki-bir.com/missio/style/images/art/f9.jpg]
[themes.iki-bir.com/missio/ajax/inline-services.html]
[themes.iki-bir.com/missio/index17.html]
[themes.iki-bir.com/missio/style/images/art/f7.jpg]
[themes.iki-bir.com/missio/style/images/art/slider-bg5.jpg]
[themes.iki-bir.com/missio/style/images/art/p1-th.jpg]
[themes.iki-bir.com/missio/ajax/portfolio-post1.html]
[themes.iki-bir.com/missio/style/images/art/p2-th.jpg]
[themes.iki-bir.com/missio/ajax/portfolio-post2.html]
[themes.iki-bir.com/missio/style/images/art/bg10.jpg]
[themes.iki-bir.com/missio/ajax/portfolio-post3.html]
[themes.iki-bir.com/missio/style/images/art/p4-th.jpg]
[themes.iki-bir.com/missio/style/images/art/p3-th.jpg]
[themes.iki-bir.com/missio/ajax/portfolio-post4.html]
[themes.iki-bir.com/missio/ajax/portfolio-post5.html]
[themes.iki-bir.com/missio/style/images/art/p5-th.jpg]
[themes.iki-bir.com/missio/ajax/portfolio-post6.html]
[themes.iki-bir.com/missio/style/images/art/p6-th.jpg]
[themes.iki-bir.com/missio/ajax/portfolio-post7.html]
[themes.iki-bir.com/missio/style/images/art/p7-th.jpg]
[themes.iki-bir.com/missio/ajax/portfolio-post8.html]
[themes.iki-bir.com/missio/style/images/art/p8-th.jpg]
[themes.iki-bir.com/missio/ajax/portfolio-post9.html]
[themes.iki-bir.com/missio/style/images/art/p9-th.jpg]
[themes.iki-bir.com/missio/ajax/portfolio-post10.html]
[themes.iki-bir.com/missio/style/images/art/p10-th.jpg]
[themes.iki-bir.com/missio/ajax/portfolio-post11.html]
[themes.iki-bir.com/missio/index18.html]
[themes.iki-bir.com/missio/style/images/art/p11-th.jpg]
[themes.iki-bir.com/missio/style/images/art/slider-bg7.jpg]
[themes.iki-bir.com/missio/style/images/art/f22.jpg]
[themes.iki-bir.com/missio/style/images/art/f24.jpg]
[themes.iki-bir.com/missio/style/images/art/f23.jpg]
[themes.iki-bir.com/missio/style/images/art/b12.jpg]
[themes.iki-bir.com/missio/style/images/art/b13.jpg]
[themes.iki-bir.com/missio/style/images/art/b15.jpg]
[themes.iki-bir.com/missio/style/images/art/slider-bg6.jpg]
[themes.iki-bir.com/missio/style/images/art/b17.jpg]
[themes.iki-bir.com/missio/style/images/art/b19.jpg]
[themes.iki-bir.com/missio/style/images/art/b21.jpg]
[themes.iki-bir.com/missio/style/images/art/b18.jpg]
[themes.iki-bir.com/missio/style/images/art/a16.jpg]
[themes.iki-bir.com/missio/style/images/art/a17.jpg]
[themes.iki-bir.com/missio/style/images/art/a18.jpg]
[themes.iki-bir.com/missio/index19.html]
[themes.iki-bir.com/missio/style/css/color/teal.css]
[themes.iki-bir.com/missio/style/images/art/b22.jpg]
[themes.iki-bir.com/missio/style/images/art/b23.jpg]
[themes.iki-bir.com/missio/style/images/art/f4.jpg]
[themes.iki-bir.com/missio/style/images/art/slider-bg3.jpg]
[themes.iki-bir.com/missio/style/images/art/slider-bg1.jpg]
[themes.iki-bir.com/missio/index20.html]
[themes.iki-bir.com/missio/style/images/art/bg22.jpg]
[themes.iki-bir.com/missio/style/images/art/f5.jpg]
[themes.iki-bir.com/missio/style/images/art/gp4-2.jpg]
[themes.iki-bir.com/missio/style/images/art/gp4-1.jpg]
[themes.iki-bir.com/missio/style/images/art/f6.jpg]
[themes.iki-bir.com/missio/style/images/art/gp4-4.jpg]
[themes.iki-bir.com/missio/style/images/art/gp4-3.jpg]
[themes.iki-bir.com/missio/style/images/art/gp4-7.jpg]
[themes.iki-bir.com/missio/style/images/art/si8.jpg]
[themes.iki-bir.com/missio/style/images/art/gp4-9.jpg]
[themes.iki-bir.com/missio/index21.html]
[themes.iki-bir.com/missio/style/images/art/gp4-6.jpg]
[themes.iki-bir.com/missio/style/images/art/gp4-10.jpg]
[themes.iki-bir.com/missio/style/images/art/si9.jpg]
[themes.iki-bir.com/missio/style/images/art/slider-bg23.jpg]
[themes.iki-bir.com/missio/style/images/art/slider-bg21.jpg]
[themes.iki-bir.com/missio/style/images/art/slider-bg25.jpg]
[themes.iki-bir.com/missio/style/images/art/slider-bg24.jpg]
[themes.iki-bir.com/missio/style/images/art/slider-bg22.jpg]
[themes.iki-bir.com/missio/style/images/art/slider-bg26.jpg]
[themes.iki-bir.com/missio/style/images/art/slider-bg27.jpg]
[themes.iki-bir.com/missio/style/images/art/slider-bg28.jpg]
[themes.iki-bir.com/missio/index22.html]
[themes.iki-bir.com/missio/style/images/art/g3.jpg]
[themes.iki-bir.com/missio/style/images/art/slider-bg29.jpg]
[themes.iki-bir.com/missio/style/images/art/g1.jpg]
[themes.iki-bir.com/missio/style/images/art/slider-bg34.jpg]
[themes.iki-bir.com/missio/style/images/art/slider-bg37.jpg]
[themes.iki-bir.com/missio/style/images/art/mp1-full.jpg]
[themes.iki-bir.com/missio/style/images/art/slider-bg38.jpg]
[themes.iki-bir.com/missio/style/images/art/slider-bg36.jpg]
[themes.iki-bir.com/missio/style/images/art/mp3.jpg]
[themes.iki-bir.com/missio/style/images/art/mp2-full.jpg]
[themes.iki-bir.com/missio/style/images/art/mp4-full.jpg]
[themes.iki-bir.com/missio/style/images/art/mp4.jpg]
[themes.iki-bir.com/missio/style/images/art/mp3-full.jpg]
[themes.iki-bir.com/missio/style/images/art/mp6.jpg]
[themes.iki-bir.com/missio/style/images/art/mp5.jpg]
[themes.iki-bir.com/missio/style/images/art/mp7.jpg]
[themes.iki-bir.com/missio/style/images/art/mp5-full.jpg]
[themes.iki-bir.com/missio/style/images/art/mp7-full.jpg]
[themes.iki-bir.com/missio/style/images/art/mp8.jpg]
[themes.iki-bir.com/missio/style/images/art/mp6-full.jpg]
[themes.iki-bir.com/missio/style/images/art/mp10-full.jpg]
[themes.iki-bir.com/missio/style/images/art/mp9.jpg]
[themes.iki-bir.com/missio/style/images/art/mp10.jpg]
[themes.iki-bir.com/missio/style/images/art/mp11.jpg]
[themes.iki-bir.com/missio/style/images/art/mp11-full.jpg]
[themes.iki-bir.com/missio/style/images/art/mp12.jpg]
[themes.iki-bir.com/missio/style/images/art/mp13.jpg]
[themes.iki-bir.com/missio/style/images/art/mp12-full.jpg]
[themes.iki-bir.com/missio/style/images/art/b4.jpg]
[themes.iki-bir.com/missio/style/images/art/a7.jpg]
[themes.iki-bir.com/missio/style/images/art/a8.jpg]
[themes.iki-bir.com/missio/index23.html]
[themes.iki-bir.com/missio/style/images/art/a9.jpg]
[themes.iki-bir.com/missio/style/images/art/mp14-full.jpg]
[themes.iki-bir.com/missio/style/images/art/b5.jpg]
[themes.iki-bir.com/missio/style/images/art/si15.jpg]
[themes.iki-bir.com/missio/style/images/art/about.jpg]
[themes.iki-bir.com/missio/index24.html]
[themes.iki-bir.com/missio/style/images/art/si17.jpg]
[themes.iki-bir.com/missio/style/images/art/si16.jpg]
[themes.iki-bir.com/missio/style/images/art/g3-1.jpg]
[themes.iki-bir.com/missio/style/images/art/g3-2.jpg]
[themes.iki-bir.com/missio/style/images/art/g3-3.jpg]
[themes.iki-bir.com/missio/style/images/art/si18.jpg]
[themes.iki-bir.com/missio/style/images/art/g3-4.jpg]
[themes.iki-bir.com/missio/style/images/art/g3-6.jpg]
[themes.iki-bir.com/missio/index25.html]
[themes.iki-bir.com/missio/ajax/portfolio2-post1.html]
[themes.iki-bir.com/missio/style/images/art/g3-7.jpg]
[themes.iki-bir.com/missio/ajax/portfolio2-post2.html]
[themes.iki-bir.com/missio/style/images/art/p1-1.jpg]
[themes.iki-bir.com/missio/ajax/portfolio2-post3.html]
[themes.iki-bir.com/missio/style/images/art/slider-bg4.jpg]
[themes.iki-bir.com/missio/ajax/portfolio2-post4.html]
[themes.iki-bir.com/missio/style/images/art/p2-1.jpg]
[themes.iki-bir.com/missio/ajax/portfolio2-post5.html]
[themes.iki-bir.com/missio/style/images/art/p3-1.jpg]
[themes.iki-bir.com/missio/ajax/portfolio2-post6.html]
[themes.iki-bir.com/missio/style/images/art/p5-1.jpg]
[themes.iki-bir.com/missio/ajax/portfolio2-post7.html]
[themes.iki-bir.com/missio/style/images/art/p6-1.jpg]
[themes.iki-bir.com/missio/ajax/portfolio2-post8.html]
[themes.iki-bir.com/missio/style/images/art/p8-1.jpg]
[themes.iki-bir.com/missio/ajax/portfolio2-post9.html]
[themes.iki-bir.com/missio/style/images/art/p4-1.jpg]
[themes.iki-bir.com/missio/ajax/portfolio2-post10.html]
[themes.iki-bir.com/missio/style/images/art/p7-1.jpg]
[themes.iki-bir.com/missio/ajax/portfolio2-post11.html]
[themes.iki-bir.com/missio/style/images/art/p11-1.jpg]
[themes.iki-bir.com/missio/index26.html]
[themes.iki-bir.com/missio/style/images/art/p10-1.jpg]
[themes.iki-bir.com/missio/style/images/art/p9-1.jpg]
[themes.iki-bir.com/missio/style/images/art/about6.jpg]
[themes.iki-bir.com/missio/style/images/art/bg5.jpg]
[themes.iki-bir.com/missio/style/images/art/an4.jpg]
[themes.iki-bir.com/missio/style/images/art/an3.jpg]
[themes.iki-bir.com/missio/style/images/art/an1.jpg]
[themes.iki-bir.com/missio/style/images/art/an2.jpg]
[themes.iki-bir.com/missio/style/images/art/an5.jpg]
[themes.iki-bir.com/missio/style/images/art/an7.jpg]
[themes.iki-bir.com/missio/style/images/art/au2.jpg]
[themes.iki-bir.com/missio/style/images/art/an6.jpg]
[themes.iki-bir.com/missio/style/images/art/au3.jpg]
[themes.iki-bir.com/missio/style/images/art/au5.jpg]
[themes.iki-bir.com/missio/style/images/art/au4.jpg]
[themes.iki-bir.com/missio/style/images/art/au1.jpg]
[themes.iki-bir.com/missio/style/images/art/eg3.jpg]
[themes.iki-bir.com/missio/style/images/art/au6.jpg]
[themes.iki-bir.com/missio/style/images/art/eg1.jpg]
[themes.iki-bir.com/missio/style/images/art/eg4.jpg]
[themes.iki-bir.com/missio/style/images/art/eg2.jpg]
[themes.iki-bir.com/missio/style/images/art/eg5.jpg]
[themes.iki-bir.com/missio/style/images/art/eg7.jpg]
[themes.iki-bir.com/missio/style/images/art/sc1.jpg]
[themes.iki-bir.com/missio/style/images/art/eg6.jpg]
[themes.iki-bir.com/missio/style/images/art/sc2.jpg]
[themes.iki-bir.com/missio/style/images/art/sc3.jpg]
[themes.iki-bir.com/missio/style/images/art/sc4.jpg]
[themes.iki-bir.com/missio/style/images/art/sc7.jpg]
[themes.iki-bir.com/missio/style/images/art/sc5.jpg]
[themes.iki-bir.com/missio/style/images/art/sc6.jpg]
[themes.iki-bir.com/missio/style/images/art/sc8.jpg]
[themes.iki-bir.com/missio/style/images/art/aa4.jpg]
[themes.iki-bir.com/missio/style/images/art/aa2.jpg]
[themes.iki-bir.com/missio/style/images/art/aa3.jpg]
[themes.iki-bir.com/missio/style/images/art/aa1.jpg]
[themes.iki-bir.com/missio/style/images/art/aa5.jpg]
[themes.iki-bir.com/missio/style/images/art/br1.jpg]
[themes.iki-bir.com/missio/style/images/art/aa7.jpg]
[themes.iki-bir.com/missio/style/images/art/aa6.jpg]
[themes.iki-bir.com/missio/style/images/art/br2.jpg]
[themes.iki-bir.com/missio/style/images/art/br3.jpg]
[themes.iki-bir.com/missio/style/images/art/br7.jpg]
[themes.iki-bir.com/missio/style/images/art/br5.jpg]
[themes.iki-bir.com/missio/index27.html]
[themes.iki-bir.com/missio/index28.html]
[themes.iki-bir.com/missio/index29.html]
[themes.iki-bir.com/missio/style/css/color/meander.css]
[themes.iki-bir.com/missio/style/images/art/br6.jpg]
[themes.iki-bir.com/missio/style/images/art/pf9-2.jpg]
[themes.iki-bir.com/missio/style/images/art/br4.jpg]
[themes.iki-bir.com/missio/style/images/art/pf9-4.jpg]
[themes.iki-bir.com/missio/style/images/art/pf9-5.jpg]
[themes.iki-bir.com/missio/style/images/art/pf9-1.jpg]
[themes.iki-bir.com/missio/style/images/art/pf9-7.jpg]
[themes.iki-bir.com/missio/style/images/art/pf9-6.jpg]
[themes.iki-bir.com/missio/style/images/art/pf9-8.jpg]
[themes.iki-bir.com/missio/style/images/art/bg8.jpg]
[themes.iki-bir.com/missio/style/images/art/si19.jpg]
[themes.iki-bir.com/missio/style/images/art/sp1.jpg]
[themes.iki-bir.com/missio/style/images/art/si20.jpg]
[themes.iki-bir.com/missio/style/images/art/sp2.jpg]
[themes.iki-bir.com/missio/style/images/art/sp1-full.jpg]
[themes.iki-bir.com/missio/style/images/art/sp3.jpg]
[themes.iki-bir.com/missio/style/images/art/sp3-full.jpg]
[themes.iki-bir.com/missio/style/images/art/sp2-full.jpg]
[themes.iki-bir.com/missio/style/images/art/sp4.jpg]
[themes.iki-bir.com/missio/style/images/art/sp5.jpg]
[themes.iki-bir.com/missio/style/images/art/sp4-full.jpg]
[themes.iki-bir.com/missio/style/images/art/sp7-full.jpg]
[themes.iki-bir.com/missio/style/images/art/sp7.jpg]
[themes.iki-bir.com/missio/style/images/art/sp6.jpg]
[themes.iki-bir.com/missio/style/images/art/sp5-full.jpg]
[themes.iki-bir.com/missio/style/images/art/sp8.jpg]
[themes.iki-bir.com/missio/style/images/art/sp10.jpg]
[themes.iki-bir.com/missio/style/images/art/sp9.jpg]
[themes.iki-bir.com/missio/style/images/art/sp12.jpg]
[themes.iki-bir.com/missio/style/images/art/sp11.jpg]
[themes.iki-bir.com/missio/style/images/art/sp13.jpg]
[themes.iki-bir.com/missio/style/images/art/sp8-full.jpg]
[themes.iki-bir.com/missio/style/images/art/sp9-full.jpg]
[themes.iki-bir.com/missio/style/images/art/sp14.jpg]
[themes.iki-bir.com/missio/style/images/art/sp15.jpg]
[themes.iki-bir.com/missio/style/images/art/sp16.jpg]
[themes.iki-bir.com/missio/style/images/art/gb34.jpg]
[themes.iki-bir.com/missio/style/images/art/gb35.jpg]
[themes.iki-bir.com/missio/style/images/art/sp15-full.jpg]
[themes.iki-bir.com/missio/index30.html]
[themes.iki-bir.com/missio/style/images/art/gb37.jpg]
[themes.iki-bir.com/missio/ajax/portfolio5-post1.html]
[themes.iki-bir.com/missio/ajax/portfolio5-post2.html]
[themes.iki-bir.com/missio/style/images/art/sp14-full.jpg]
[themes.iki-bir.com/missio/ajax/portfolio5-post3.html]
[themes.iki-bir.com/missio/style/images/art/gb39.jpg]
[themes.iki-bir.com/missio/style/images/art/pf1.jpg]
[themes.iki-bir.com/missio/ajax/portfolio5-post5.html]
[themes.iki-bir.com/missio/style/images/art/pf2.jpg]
[themes.iki-bir.com/missio/ajax/portfolio5-post6.html]
[themes.iki-bir.com/missio/style/images/art/pf4.jpg]
[themes.iki-bir.com/missio/ajax/portfolio5-post7.html]
[themes.iki-bir.com/missio/style/images/art/pf6.jpg]
[themes.iki-bir.com/missio/ajax/portfolio5-post8.html]
[themes.iki-bir.com/missio/style/images/art/pf5.jpg]
[themes.iki-bir.com/missio/index31.html]
[themes.iki-bir.com/missio/style/images/art/pf3.jpg]
[themes.iki-bir.com/missio/style/images/art/pf7.jpg]
[themes.iki-bir.com/missio/style/images/art/slider-bg42.jpg]
[themes.iki-bir.com/missio/style/images/art/pf8.jpg]
[themes.iki-bir.com/missio/style/images/art/about7.jpg]
[themes.iki-bir.com/missio/style/images/art/si4.jpg]
[themes.iki-bir.com/missio/style/images/art/si13.jpg]
[themes.iki-bir.com/missio/index32.html]
[themes.iki-bir.com/missio/style/images/art/slider-bg44.jpg]
[themes.iki-bir.com/missio/style/images/art/mp15.jpg]
[themes.iki-bir.com/missio/index33.html]
[themes.iki-bir.com/missio/style/images/art/mp16.jpg]
[themes.iki-bir.com/missio/style/images/art/mp15-full.jpg]
[themes.iki-bir.com/missio/style/images/art/slider-bg43.jpg]
[themes.iki-bir.com/missio/style/images/art/slider-bg8.jpg]
[themes.iki-bir.com/missio/style/images/art/slider-bg9.jpg]
[themes.iki-bir.com/missio/style/images/art/slider-bg10.jpg]
[themes.iki-bir.com/missio/index34.html]
[themes.iki-bir.com/missio/style/images/art/about3.jpg]
[themes.iki-bir.com/missio/style/images/art/bg1.jpg]
[themes.iki-bir.com/missio/style/images/art/n1.jpg]
[themes.iki-bir.com/missio/style/images/art/n2.jpg]
[themes.iki-bir.com/missio/style/images/art/slider-bg11.jpg]
[themes.iki-bir.com/missio/style/images/art/n5.jpg]
[themes.iki-bir.com/missio/style/images/art/n4.jpg]
[themes.iki-bir.com/missio/index35.html]
[themes.iki-bir.com/missio/style/images/art/n6.jpg]
[themes.iki-bir.com/missio/style/images/art/g7.jpg]
[themes.iki-bir.com/missio/style/images/art/g6.jpg]
[themes.iki-bir.com/missio/style/images/art/g8.jpg]
[themes.iki-bir.com/missio/index36.html]
[themes.iki-bir.com/missio/style/images/art/slider-bg57.jpg]
[themes.iki-bir.com/missio/style/images/art/g9.jpg]
[themes.iki-bir.com/missio/style/images/art/slider-bg12.jpg]
[themes.iki-bir.com/missio/style/images/art/slider-bg13.jpg]
[themes.iki-bir.com/missio/index37.html]
[themes.iki-bir.com/missio/style/images/art/slider-bg14.jpg]
[themes.iki-bir.com/missio/style/images/art/bg3.jpg]
[themes.iki-bir.com/missio/style/images/art/pw1.jpg]
[themes.iki-bir.com/missio/style/images/art/bg18.jpg]
[themes.iki-bir.com/missio/style/images/art/pw2.jpg]
[themes.iki-bir.com/missio/style/images/art/pw3.jpg]
[themes.iki-bir.com/missio/style/images/art/pw5.jpg]
[themes.iki-bir.com/missio/style/images/art/pw4.jpg]
[themes.iki-bir.com/missio/style/images/art/pw6.jpg]
[themes.iki-bir.com/missio/style/images/art/pw8.jpg]
[themes.iki-bir.com/missio/style/images/art/pw7.jpg]
[themes.iki-bir.com/missio/index38.html]
[themes.iki-bir.com/missio/style/images/art/gp1-1.jpg]
[themes.iki-bir.com/missio/style/images/art/gp1-2.jpg]
[themes.iki-bir.com/missio/style/images/art/pw11.jpg]
[themes.iki-bir.com/missio/style/images/art/gp1-5.jpg]
[themes.iki-bir.com/missio/style/images/art/gp1-4.jpg]
[themes.iki-bir.com/missio/style/images/art/gp1-6.jpg]
[themes.iki-bir.com/missio/style/images/art/pw9.jpg]
[themes.iki-bir.com/missio/style/images/art/gp1-7.jpg]
[themes.iki-bir.com/missio/style/images/art/pw10.jpg]
[themes.iki-bir.com/missio/style/images/art/gp1-9.jpg]
[themes.iki-bir.com/missio/index39.html]
[themes.iki-bir.com/missio/style/images/art/f1.jpg]
[themes.iki-bir.com/missio/style/images/art/f3.jpg]
[themes.iki-bir.com/missio/style/images/art/gp1-8.jpg]
[themes.iki-bir.com/missio/style/images/art/f2.jpg]
[themes.iki-bir.com/missio/index40.html]
[themes.iki-bir.com/missio/ajax/portfolio6-post1.html]
[themes.iki-bir.com/missio/ajax/portfolio6-post2.html]
[themes.iki-bir.com/missio/ajax/portfolio6-post3.html]
[themes.iki-bir.com/missio/ajax/portfolio6-post4.html]
[themes.iki-bir.com/missio/ajax/portfolio6-post5.html]
[themes.iki-bir.com/missio/ajax/portfolio6-post6.html]
[themes.iki-bir.com/missio/ajax/portfolio6-post7.html]
[themes.iki-bir.com/missio/ajax/portfolio6-post8.html]
[themes.iki-bir.com/missio/ajax/portfolio6-post9.html]
[themes.iki-bir.com/missio/style/images/art/pf9.jpg]
[themes.iki-bir.com/missio/index41.html]
[themes.iki-bir.com/missio/style/images/art/slider-bg77.jpg]
[themes.iki-bir.com/missio/index42.html]
[themes.iki-bir.com/missio/index43.html]
[themes.iki-bir.com/missio/style/images/art/slider-bg80.jpg]
[themes.iki-bir.com/missio/style/images/art/slider-bg79.jpg]
[themes.iki-bir.com/missio/style/images/art/slider-bg78.jpg]
[themes.iki-bir.com/missio/style/images/art/slider-bg15.jpg]
[themes.iki-bir.com/missio/style/images/art/slider-bg17.jpg]
[themes.iki-bir.com/missio/style/images/art/slider-bg16.jpg]
[themes.iki-bir.com/missio/index44.html]
[themes.iki-bir.com/missio/style/css/font/font2.css]
[themes.iki-bir.com/missio/style/images/art/slider-bg19.jpg]
[themes.iki-bir.com/missio/style/images/art/slider-bg20.jpg]
[themes.iki-bir.com/missio/style/images/art/slider-bg18.jpg]
[themes.iki-bir.com/missio/style/images/art/fc2.jpg]
[themes.iki-bir.com/missio/style/images/art/fc1.jpg]
[themes.iki-bir.com/missio/style/images/art/fc6.jpg]
[themes.iki-bir.com/missio/style/images/art/fc3.jpg]
[themes.iki-bir.com/missio/style/images/art/fc4.jpg]
[themes.iki-bir.com/missio/style/images/art/fc5.jpg]
[themes.iki-bir.com/missio/index45.html]
[themes.iki-bir.com/missio/style/images/art/fc8.jpg]
[themes.iki-bir.com/missio/style/images/art/fc7.jpg]
[themes.iki-bir.com/missio/style/images/art/fp1.jpg]
[themes.iki-bir.com/missio/style/images/art/fp2.jpg]
[themes.iki-bir.com/missio/style/images/art/fp3.jpg]
[themes.iki-bir.com/missio/style/images/art/fc9.jpg]
[themes.iki-bir.com/missio/index46.html]
[themes.iki-bir.com/missio/index47.html]
[themes.iki-bir.com/missio/ajax/inline2-about.html]
[themes.iki-bir.com/missio/ajax/inline2-services.html]
[themes.iki-bir.com/missio/ajax/inline2-contact.html]
[themes.iki-bir.com/missio/index48.html]
[themes.iki-bir.com/missio/portfolio.html]
[themes.iki-bir.com/missio/portfolio2.html]
[themes.iki-bir.com/missio/portfolio3.html]
[themes.iki-bir.com/missio/portfolio4.html]
[themes.iki-bir.com/missio/portfolio5.html]
[themes.iki-bir.com/missio/portfolio6.html]
[themes.iki-bir.com/missio/portfolio7.html]
[themes.iki-bir.com/missio/portfolio8.html]
[themes.iki-bir.com/missio/gallery.html]
[themes.iki-bir.com/missio/gallery2.html]
[themes.iki-bir.com/missio/style/images/art/g3-5.jpg]
[themes.iki-bir.com/missio/style/images/art/fp4.jpg]
[themes.iki-bir.com/missio/style/images/art/fp5.jpg]
[themes.iki-bir.com/missio/gallery3.html]
[themes.iki-bir.com/missio/gallery4.html]
[themes.iki-bir.com/missio/gallery5.html]
[themes.iki-bir.com/missio/gallery6.html]
[themes.iki-bir.com/missio/style/images/art/fp7.jpg]
[themes.iki-bir.com/missio/style/images/art/g3-8.jpg]
[themes.iki-bir.com/missio/gallery7.html]
[themes.iki-bir.com/missio/gallery-post.html]
[themes.iki-bir.com/missio/style/images/art/g3-9.jpg]
[themes.iki-bir.com/missio/style/images/art/jp12.jpg]
[themes.iki-bir.com/missio/style/images/art/gp2-2.jpg]
[themes.iki-bir.com/missio/gallery-post2.html]
[themes.iki-bir.com/missio/gallery-post3.html]
[themes.iki-bir.com/missio/gallery-post4.html]
[themes.iki-bir.com/missio/about.html]
[themes.iki-bir.com/missio/about2.html]
[themes.iki-bir.com/missio/services.html]
[themes.iki-bir.com/missio/page-loading.html]
[themes.iki-bir.com/missio/style/images/art/gp2-3.jpg]
[themes.iki-bir.com/missio/style/images/art/b1.jpg]
[themes.iki-bir.com/missio/style/images/art/jp12-full.jpg]
[themes.iki-bir.com/missio/style/images/art/gp2-5.jpg]
[themes.iki-bir.com/missio/style/images/art/b2.jpg]
[themes.iki-bir.com/missio/style/images/art/bs2.jpg]
[themes.iki-bir.com/missio/style/images/art/bs1.jpg]
[themes.iki-bir.com/missio/style/images/art/bs3.jpg]
[themes.iki-bir.com/missio/style/images/art/bs5.jpg]
[themes.iki-bir.com/missio/style/images/art/b3.jpg]
[themes.iki-bir.com/missio/blog.html]
[themes.iki-bir.com/missio/style/images/art/bs4.jpg]
[themes.iki-bir.com/missio/style/images/art/bs7.jpg]
[themes.iki-bir.com/missio/style/images/art/bs6.jpg]
[themes.iki-bir.com/missio/style/images/art/bs2-2.jpg]
[themes.iki-bir.com/missio/style/images/art/bs2-1.jpg]
[themes.iki-bir.com/missio/blog2.html]
[themes.iki-bir.com/missio/style/images/art/bs2-4.jpg]
[themes.iki-bir.com/missio/style/images/art/bs2-5.jpg]
[themes.iki-bir.com/missio/style/images/art/gb2.jpg]
[themes.iki-bir.com/missio/style/images/art/bs2-3.jpg]
[themes.iki-bir.com/missio/style/images/art/gb1.jpg]
[themes.iki-bir.com/missio/style/images/art/gb3.jpg]
[themes.iki-bir.com/missio/style/images/art/gb4.jpg]
[themes.iki-bir.com/missio/blog3.html]
[themes.iki-bir.com/missio/style/images/art/gb5.jpg]
[themes.iki-bir.com/missio/blog4.html]
[themes.iki-bir.com/missio/style/images/art/gb9.jpg]
[themes.iki-bir.com/missio/style/images/art/gb8.jpg]
[themes.iki-bir.com/missio/blog5.html]
[themes.iki-bir.com/missio/style/images/art/gb7.jpg]
[themes.iki-bir.com/missio/style/images/art/fb3.jpg]
[themes.iki-bir.com/missio/style/images/art/u1.jpg]
[themes.iki-bir.com/missio/style/images/art/fb1.jpg]
[themes.iki-bir.com/missio/style/images/art/bp2.jpg]
[themes.iki-bir.com/missio/style/images/art/u2.jpg]
[themes.iki-bir.com/missio/blog-post.html]
[themes.iki-bir.com/missio/blog-post2.html]
[themes.iki-bir.com/missio/style/images/art/u3.jpg]
[themes.iki-bir.com/missio/blog-post3.html]
[themes.iki-bir.com/missio/header.html]
[themes.iki-bir.com/missio/style/images/art/u4.jpg]
[themes.iki-bir.com/missio/header2.html]
[themes.iki-bir.com/missio/header3.html]
[themes.iki-bir.com/missio/header4.html]
[themes.iki-bir.com/missio/header5.html]
[themes.iki-bir.com/missio/header6.html]
[themes.iki-bir.com/missio/header7.html]
[themes.iki-bir.com/missio/header8.html]
[themes.iki-bir.com/missio/header9.html]
[themes.iki-bir.com/missio/slider.html]
[themes.iki-bir.com/missio/slider2.html]
[themes.iki-bir.com/missio/slider3.html]
[themes.iki-bir.com/missio/slider4.html]
[themes.iki-bir.com/missio/slider5.html]
[themes.iki-bir.com/missio/slider6.html]
[themes.iki-bir.com/missio/slider7.html]
[themes.iki-bir.com/missio/slider8.html]
[themes.iki-bir.com/missio/slider9.html]
[themes.iki-bir.com/missio/slider10.html]
[themes.iki-bir.com/missio/slider11.html]
[themes.iki-bir.com/missio/slider12.html]
[themes.iki-bir.com/missio/slider13.html]
[themes.iki-bir.com/missio/slider14.html]
[themes.iki-bir.com/missio/slider15.html]
[themes.iki-bir.com/missio/style/images/art/bp2-full.jpg]
[themes.iki-bir.com/missio/style/media/movie2.jpg]
[themes.iki-bir.com/missio/style/images/art/w1.jpg]
[themes.iki-bir.com/missio/style/images/art/slider-bg30.jpg]
[themes.iki-bir.com/missio/style/images/art/w2.jpg]
[themes.iki-bir.com/missio/style/images/art/w4.jpg]
[themes.iki-bir.com/missio/style/images/art/w3.jpg]
[themes.iki-bir.com/missio/style/images/art/w6.jpg]
[themes.iki-bir.com/missio/style/images/art/w7.jpg]
[themes.iki-bir.com/missio/slider16.html]
[themes.iki-bir.com/missio/footer.html]
[themes.iki-bir.com/missio/footer2.html]
[themes.iki-bir.com/missio/style/images/art/w8.jpg]
[themes.iki-bir.com/missio/footer3.html]
[themes.iki-bir.com/missio/footer4.html]
[themes.iki-bir.com/missio/font1.html]
[themes.iki-bir.com/missio/font2.html]
[themes.iki-bir.com/missio/font3.html]
[themes.iki-bir.com/missio/font4.html]
[themes.iki-bir.com/missio/font5.html]
[themes.iki-bir.com/missio/font6.html]
[themes.iki-bir.com/missio/font7.html]
[themes.iki-bir.com/missio/style/css/color/aqua.css]
[themes.iki-bir.com/missio/color1.html]
[themes.iki-bir.com/missio/color2.html]
[themes.iki-bir.com/missio/color3.html]
[themes.iki-bir.com/missio/color4.html]
[themes.iki-bir.com/missio/color5.html]
[themes.iki-bir.com/missio/style/images/art/w5.jpg]
[themes.iki-bir.com/missio/color6.html]
[themes.iki-bir.com/missio/color7.html]
[themes.iki-bir.com/missio/color8.html]
[themes.iki-bir.com/missio/style/css/color/orange.css]
[themes.iki-bir.com/missio/color9.html]
[themes.iki-bir.com/missio/color10.html]
[themes.iki-bir.com/missio/color11.html]
[themes.iki-bir.com/missio/style/css/color/red.css]
[themes.iki-bir.com/missio/color12.html]
[themes.iki-bir.com/missio/color13.html]
[themes.iki-bir.com/missio/color14.html]
[themes.iki-bir.com/missio/style/css/color/violet.css]
[themes.iki-bir.com/missio/color15.html]
[themes.iki-bir.com/missio/style/css/color/yellow.css]
[themes.iki-bir.com/missio/color16.html]
[themes.iki-bir.com/missio/box-layout.html]
[themes.iki-bir.com/missio/accordion.html]
[themes.iki-bir.com/missio/alerts.html]
[themes.iki-bir.com/missio/blockquote.html]
[themes.iki-bir.com/missio/buttons-badges.html]
[themes.iki-bir.com/missio/style/images/art/w9.jpg]
[themes.iki-bir.com/missio/style/images/art/ih4.jpg]
[themes.iki-bir.com/missio/caption.html]
[themes.iki-bir.com/missio/color-box.html]
[themes.iki-bir.com/missio/countdown.html]
[themes.iki-bir.com/missio/counter.html]
[themes.iki-bir.com/missio/dividers.html]
[themes.iki-bir.com/missio/dropcap.html]
[themes.iki-bir.com/missio/forms.html]
[themes.iki-bir.com/missio/style/images/art/ih3.jpg]
[themes.iki-bir.com/missio/icon-solid.html]
[themes.iki-bir.com/missio/style/images/art/ih1.jpg]
[themes.iki-bir.com/missio/icon-line.html]
[themes.iki-bir.com/missio/instagram-feed.html]
[themes.iki-bir.com/missio/hover.html]
[themes.iki-bir.com/missio/style/images/art/ih2.jpg]
[themes.iki-bir.com/missio/style/images/art/l2.jpg]
[themes.iki-bir.com/missio/style/images/art/l1.jpg]
[themes.iki-bir.com/missio/style/images/art/l2-full.jpg]
[themes.iki-bir.com/missio/lightbox.html]
[themes.iki-bir.com/missio/lists.html]
[themes.iki-bir.com/missio/list-group.html]
[themes.iki-bir.com/missio/style/images/art/l3.jpg]
[themes.iki-bir.com/missio/style/media/movie.mp4]
[themes.iki-bir.com/missio/player.html]
[themes.iki-bir.com/missio/pagination.html]
[themes.iki-bir.com/missio/style/images/art/l4.jpg]
[themes.iki-bir.com/missio/pricing.html]
[themes.iki-bir.com/missio/progressbar.html]
[themes.iki-bir.com/missio/animations.html]
[themes.iki-bir.com/missio/services-icon.html]
[themes.iki-bir.com/missio/style/images/art/l1-full.jpg]
[themes.iki-bir.com/missio/style/images/art/si2.jpg]
[themes.iki-bir.com/missio/services-image.html]
[themes.iki-bir.com/missio/social-icons.html]
[themes.iki-bir.com/missio/tables.html]
[themes.iki-bir.com/missio/tabs.html]
[themes.iki-bir.com/missio/team.html]
[themes.iki-bir.com/missio/testimonials.html]
[themes.iki-bir.com/missio/tooltip-popover.html]
[themes.iki-bir.com/missio/typography.html]
[themes.iki-bir.com/missio/style/images/art/pattern.png]
[themes.iki-bir.com/missio/wrappers.html]
[themes.iki-bir.com/missio/contact.html]
[themes.iki-bir.com/missio/contact2.html]
[themes.iki-bir.com/missio/contact3.html]
[themes.iki-bir.com/missio/style/images/art/si1.jpg]
[themes.iki-bir.com/missio/style/images/art/si3.jpg]
[themes.iki-bir.com/missio/style/images/art/ge7.jpg]
[themes.iki-bir.com/missio/style/images/art/ge10.jpg]
[themes.iki-bir.com/missio/style/type/lg/lgd641.svg]
[themes.iki-bir.com/missio/style/revolution/fonts/revicons/revicons90c6.svg]
[themes.iki-bir.com/missio/style/type/lgc/louis_george_cafe_bold_italic-webfontd41d.eot]
[themes.iki-bir.com/missio/style/images/art/ge12.jpg]
[themes.iki-bir.com/missio/style/images/art/gb18.jpg]
[themes.iki-bir.com/missio/style/type/slimicons/Slimicons25cd.svg]
[themes.iki-bir.com/missio/style/type/fontawesome/fontawesome-webfont3e6e.svg]
[themes.iki-bir.com/missio/style/type/missio/missioa0c4.svg]
[themes.iki-bir.com/missio/style/css/color/purple.css]
[themes.iki-bir.com/missio/style/css/font/font5.css]
[themes.iki-bir.com/missio/style/css/color/green.css]
[themes.iki-bir.com/missio/style/images/art/cw14.jpg]
[themes.iki-bir.com/missio/style/images/art/wl4.jpg]
[themes.iki-bir.com/missio/style/images/art/about5.jpg]
[themes.iki-bir.com/missio/style/images/art/a3.jpg]
[themes.iki-bir.com/missio/style/css/color/hibiscus.css]
[themes.iki-bir.com/missio/style/images/art/wl7.jpg]
[themes.iki-bir.com/missio/style/images/art/b7.jpg]
[themes.iki-bir.com/missio/style/images/art/fg2.jpg]
[themes.iki-bir.com/missio/style/images/art/gb26.jpg]
[themes.iki-bir.com/missio/ajax/loadmore.html]
[themes.iki-bir.com/missio/style/css/color/leaf.css]
[themes.iki-bir.com/missio/style/css/font/font6.css]
[themes.iki-bir.com/missio/style/images/art/co1.jpg]
[themes.iki-bir.com/missio/style/images/art/fs4.jpg]
[themes.iki-bir.com/missio/style/css/color/lavender.css]
[themes.iki-bir.com/missio/style/css/font/font3.css]
[themes.iki-bir.com/missio/ajax/portfolio8-post1.html]
[themes.iki-bir.com/missio/ajax/portfolio8-post2.html]
[themes.iki-bir.com/missio/ajax/portfolio8-post3.html]
[themes.iki-bir.com/missio/ajax/portfolio8-post4.html]
[themes.iki-bir.com/missio/ajax/portfolio8-post5.html]
[themes.iki-bir.com/missio/ajax/portfolio8-post6.html]
[themes.iki-bir.com/missio/ajax/portfolio8-post7.html]
[themes.iki-bir.com/missio/ajax/portfolio8-post8.html]
[themes.iki-bir.com/missio/ajax/portfolio8-post9.html]
[themes.iki-bir.com/missio/style/images/art/slider-bg62.jpg]
[themes.iki-bir.com/missio/style/images/art/f13.jpg]
[themes.iki-bir.com/missio/style/css/color/pink.css]
[themes.iki-bir.com/missio/style/images/art/gb28.jpg]
[themes.iki-bir.com/missio/style/images/art/si12.jpg]
[themes.iki-bir.com/missio/style/images/art/gb30.jpg]
[themes.iki-bir.com/missio/style/images/art/b11.jpg]
[themes.iki-bir.com/missio/style/images/art/g13.jpg]
[themes.iki-bir.com/missio/style/css/color/blue.css]
[themes.iki-bir.com/missio/ajax/portfolio7-post1.html]
[themes.iki-bir.com/missio/ajax/portfolio7-post2.html]
[themes.iki-bir.com/missio/ajax/portfolio7-post3.html]
[themes.iki-bir.com/missio/ajax/portfolio7-post4.html]
[themes.iki-bir.com/missio/ajax/portfolio7-post5.html]
[themes.iki-bir.com/missio/ajax/portfolio7-post6.html]
[themes.iki-bir.com/missio/ajax/portfolio7-post7.html]
[themes.iki-bir.com/missio/ajax/portfolio7-post8.html]
[themes.iki-bir.com/missio/ajax/portfolio7-post9.html]
[themes.iki-bir.com/missio/style/images/art/v9.jpg]
[themes.iki-bir.com/missio/style/css/color/brown.css]
[themes.iki-bir.com/missio/style/images/art/ti1.jpg]
[themes.iki-bir.com/missio/style/css/font/font4.css]
[themes.iki-bir.com/missio/style/images/art/jp6.jpg]
[themes.iki-bir.com/missio/style/css/font/font7.css]
[themes.iki-bir.com/missio/style/images/art/slider-bg75.jpg]
[themes.iki-bir.com/missio/style/images/art/si29.jpg]
[themes.iki-bir.com/missio/style/images/art/ed2.jpg]
[themes.iki-bir.com/missio/ajax/inline-about.html]
[themes.iki-bir.com/missio/ajax/inline-editorial.html]
[themes.iki-bir.com/missio/ajax/inline-portrait.html]
[themes.iki-bir.com/missio/style/images/art/po8.jpg]
[themes.iki-bir.com/missio/ajax/inline-fashion.html]
[themes.iki-bir.com/missio/ajax/inline-services.html]
[themes.iki-bir.com/missio/ajax/inline-contact.html]
[themes.iki-bir.com/missio/ajax/portfolio-post1.html]
[themes.iki-bir.com/missio/ajax/portfolio-post2.html]
[themes.iki-bir.com/missio/ajax/portfolio-post3.html]
[themes.iki-bir.com/missio/ajax/portfolio-post4.html]
[themes.iki-bir.com/missio/ajax/portfolio-post5.html]
[themes.iki-bir.com/missio/ajax/portfolio-post6.html]
[themes.iki-bir.com/missio/ajax/portfolio-post7.html]
[themes.iki-bir.com/missio/ajax/portfolio-post8.html]
[themes.iki-bir.com/missio/ajax/portfolio-post9.html]
[themes.iki-bir.com/missio/style/images/art/ed9.jpg]
[themes.iki-bir.com/missio/ajax/portfolio-post10.html]
[themes.iki-bir.com/missio/ajax/portfolio-post11.html]
[themes.iki-bir.com/missio/style/images/art/b14.jpg]
[themes.iki-bir.com/missio/style/css/color/teal.css]
[themes.iki-bir.com/missio/style/images/art/b20.jpg]
[themes.iki-bir.com/missio/style/images/art/b16.jpg]
[themes.iki-bir.com/missio/style/images/art/gp4-5.jpg]
[themes.iki-bir.com/missio/style/images/art/slider-bg35.jpg]
[themes.iki-bir.com/missio/style/images/art/mp2.jpg]
[themes.iki-bir.com/missio/style/images/art/gp4-8.jpg]
[themes.iki-bir.com/missio/style/images/art/mp14.jpg]
[themes.iki-bir.com/missio/ajax/portfolio2-post1.html]
[themes.iki-bir.com/missio/ajax/portfolio2-post2.html]
[themes.iki-bir.com/missio/ajax/portfolio2-post3.html]
[themes.iki-bir.com/missio/ajax/portfolio2-post4.html]
[themes.iki-bir.com/missio/ajax/portfolio2-post5.html]
[themes.iki-bir.com/missio/ajax/portfolio2-post6.html]
[themes.iki-bir.com/missio/ajax/portfolio2-post7.html]
[themes.iki-bir.com/missio/ajax/portfolio2-post8.html]
[themes.iki-bir.com/missio/ajax/portfolio2-post9.html]
[themes.iki-bir.com/missio/ajax/portfolio2-post10.html]
[themes.iki-bir.com/missio/ajax/portfolio2-post11.html]
[themes.iki-bir.com/missio/style/css/color/meander.css]
[themes.iki-bir.com/missio/style/images/art/mp13-full.jpg]
[themes.iki-bir.com/missio/style/images/art/pf9-3.jpg]
[themes.iki-bir.com/missio/style/images/art/si21.jpg]
[themes.iki-bir.com/missio/style/images/art/mp9-full.jpg]
[themes.iki-bir.com/missio/style/images/art/sp6-full.jpg]
[themes.iki-bir.com/missio/style/images/art/sp13-full.jpg]
[themes.iki-bir.com/missio/style/images/art/sp11-full.jpg]
[themes.iki-bir.com/missio/style/images/art/gb36.jpg]
[themes.iki-bir.com/missio/ajax/portfolio5-post1.html]
[themes.iki-bir.com/missio/ajax/portfolio5-post2.html]
[themes.iki-bir.com/missio/style/images/art/gb38.jpg]
[themes.iki-bir.com/missio/style/images/art/sp16-full.jpg]
[themes.iki-bir.com/missio/ajax/portfolio5-post3.html]
[themes.iki-bir.com/missio/ajax/portfolio5-post4.html]
[themes.iki-bir.com/missio/ajax/portfolio5-post5.html]
[themes.iki-bir.com/missio/ajax/portfolio5-post6.html]
[themes.iki-bir.com/missio/ajax/portfolio5-post7.html]
[themes.iki-bir.com/missio/ajax/portfolio5-post8.html]
[themes.iki-bir.com/missio/style/images/art/si14.jpg]
[themes.iki-bir.com/missio/style/images/art/mp16-full.jpg]
[themes.iki-bir.com/missio/style/images/art/n3.jpg]
[themes.iki-bir.com/missio/ajax/portfolio6-post1.html]
[themes.iki-bir.com/missio/ajax/portfolio6-post2.html]
[themes.iki-bir.com/missio/ajax/portfolio6-post3.html]
[themes.iki-bir.com/missio/ajax/portfolio6-post4.html]
[themes.iki-bir.com/missio/ajax/portfolio6-post5.html]
[themes.iki-bir.com/missio/ajax/portfolio6-post6.html]
[themes.iki-bir.com/missio/ajax/portfolio6-post7.html]
[themes.iki-bir.com/missio/ajax/portfolio6-post8.html]
[themes.iki-bir.com/missio/style/images/art/g4.jpg]
[themes.iki-bir.com/missio/ajax/portfolio6-post9.html]
[themes.iki-bir.com/missio/style/css/font/font2.css]
[themes.iki-bir.com/missio/ajax/inline2-about.html]
[themes.iki-bir.com/missio/ajax/inline2-services.html]
[themes.iki-bir.com/missio/ajax/inline2-contact.html]
[themes.iki-bir.com/missio/style/images/art/g5.jpg]
[themes.iki-bir.com/missio/style/images/art/gp2-4.jpg]
[themes.iki-bir.com/missio/style/images/art/fp6.jpg]
[themes.iki-bir.com/missio/style/images/art/gb6.jpg]
[themes.iki-bir.com/missio/style/css/color/aqua.css]
[themes.iki-bir.com/missio/style/css/color/orange.css]
[themes.iki-bir.com/missio/style/css/color/red.css]
[themes.iki-bir.com/missio/style/css/color/violet.css]
[themes.iki-bir.com/missio/style/css/color/yellow.css]
[themes.iki-bir.com/missio/style/media/movie.jpg]
[themes.iki-bir.com/missio/style/media/movie.html]
[themes.iki-bir.com/missio/style/images/art/gb12.jpg]
[themes.iki-bir.com/missio/style/images/art/bp1.jpg]
[themes.iki-bir.com/missio/style/css/color/green.css]
[themes.iki-bir.com/missio/ajax/style/images/art/cp12.html]
[themes.iki-bir.com/missio/ajax/gallery-post2.html]
[themes.iki-bir.com/missio/ajax/style/images/art/cp13.html]
[themes.iki-bir.com/missio/ajax/gallery-post3.html]
[themes.iki-bir.com/missio/ajax/style/images/art/cp14.html]
[themes.iki-bir.com/missio/style/images/art/bg11.jpg]
[themes.iki-bir.com/missio/ajax/style/images/art/an1.html]
[themes.iki-bir.com/missio/ajax/style/images/art/an2.html]
[themes.iki-bir.com/missio/ajax/style/images/art/an3.html]
[themes.iki-bir.com/missio/ajax/style/images/art/an4.html]
[themes.iki-bir.com/missio/ajax/style/images/art/an5.html]
[themes.iki-bir.com/missio/ajax/style/images/art/an6.html]
[themes.iki-bir.com/missio/ajax/style/images/art/an7.html]
[themes.iki-bir.com/missio/style/images/art/f15.jpg]
[themes.iki-bir.com/missio/style/images/art/bp1-full.jpg]
[themes.iki-bir.com/missio/ajax/portfolio8-post2.html]
[themes.iki-bir.com/missio/ajax/style/images/art/eg1.html]
[themes.iki-bir.com/missio/ajax/style/images/art/eg2.html]
[themes.iki-bir.com/missio/ajax/style/images/art/eg3.html]
[themes.iki-bir.com/missio/ajax/style/images/art/eg4.html]
[themes.iki-bir.com/missio/ajax/style/images/art/eg5.html]
[themes.iki-bir.com/missio/ajax/style/images/art/eg6.html]
[themes.iki-bir.com/missio/ajax/style/images/art/eg7.html]
[themes.iki-bir.com/missio/ajax/portfolio8-post4.html]
[themes.iki-bir.com/missio/ajax/portfolio8-post5.html]
[themes.iki-bir.com/missio/ajax/style/images/art/br1.html]
[themes.iki-bir.com/missio/ajax/style/images/art/br2.html]
[themes.iki-bir.com/missio/ajax/style/images/art/br3.html]
[themes.iki-bir.com/missio/ajax/style/images/art/br4.html]
[themes.iki-bir.com/missio/ajax/style/images/art/br5.html]
[themes.iki-bir.com/missio/ajax/style/images/art/br6.html]
[themes.iki-bir.com/missio/ajax/style/images/art/br7.html]
[themes.iki-bir.com/missio/ajax/style/images/art/mi1.html]
[themes.iki-bir.com/missio/ajax/style/images/art/mi2.html]
[themes.iki-bir.com/missio/ajax/style/images/art/mi3.html]
[themes.iki-bir.com/missio/ajax/style/images/art/mi4.html]
[themes.iki-bir.com/missio/ajax/style/images/art/mi5.html]
[themes.iki-bir.com/missio/ajax/style/images/art/mi6.html]
[themes.iki-bir.com/missio/ajax/style/images/art/mi7.html]
[themes.iki-bir.com/missio/ajax/style/images/art/mi8.html]
[themes.iki-bir.com/missio/ajax/portfolio8-post8.html]
[themes.iki-bir.com/missio/ajax/style/images/art/in1.html]
[themes.iki-bir.com/missio/ajax/style/images/art/in2.html]
[themes.iki-bir.com/missio/ajax/style/images/art/in3.html]
[themes.iki-bir.com/missio/ajax/style/images/art/in4.html]
[themes.iki-bir.com/missio/ajax/style/images/art/in5.html]
[themes.iki-bir.com/missio/ajax/style/images/art/in6.html]
[themes.iki-bir.com/missio/ajax/style/images/art/in7.html]
[themes.iki-bir.com/missio/ajax/style/images/art/in8.html]
[themes.iki-bir.com/missio/ajax/portfolio7-post4.html]
[themes.iki-bir.com/missio/ajax/portfolio7-post5.html]
[themes.iki-bir.com/missio/style/images/art/fc11.jpg]
[themes.iki-bir.com/missio/ajax/style/images/art/about8.html]
[themes.iki-bir.com/missio/ajax/style/images/art/ed1.html]
[themes.iki-bir.com/missio/ajax/style/images/art/ed2.html]
[themes.iki-bir.com/missio/ajax/style/images/art/ed3.html]
[themes.iki-bir.com/missio/ajax/style/images/art/ed4.html]
[themes.iki-bir.com/missio/ajax/style/images/art/ed5.html]
[themes.iki-bir.com/missio/ajax/style/images/art/ed6.html]
[themes.iki-bir.com/missio/ajax/style/images/art/ed7.html]
[themes.iki-bir.com/missio/ajax/style/images/art/ed8.html]
[themes.iki-bir.com/missio/ajax/style/images/art/ed9.html]
[themes.iki-bir.com/missio/ajax/style/images/art/ed10.html]
[themes.iki-bir.com/missio/ajax/style/images/art/ed11.html]
[themes.iki-bir.com/missio/ajax/style/images/art/po1.html]
[themes.iki-bir.com/missio/ajax/style/images/art/po2.html]
[themes.iki-bir.com/missio/ajax/style/images/art/po3.html]
[themes.iki-bir.com/missio/ajax/style/images/art/po4.html]
[themes.iki-bir.com/missio/ajax/style/images/art/po5.html]
[themes.iki-bir.com/missio/ajax/style/images/art/po6.html]
[themes.iki-bir.com/missio/ajax/style/images/art/po7.html]
[themes.iki-bir.com/missio/ajax/style/images/art/po8.html]
[themes.iki-bir.com/missio/ajax/style/images/art/po9.html]
[themes.iki-bir.com/missio/ajax/style/images/art/fa1.html]
[themes.iki-bir.com/missio/ajax/style/images/art/fa2.html]
[themes.iki-bir.com/missio/ajax/style/images/art/fa3.html]
[themes.iki-bir.com/missio/ajax/style/images/art/fa4.html]
[themes.iki-bir.com/missio/ajax/style/images/art/fa5.html]
[themes.iki-bir.com/missio/ajax/style/images/art/fa6.html]
[themes.iki-bir.com/missio/ajax/style/images/art/fa7.html]
[themes.iki-bir.com/missio/ajax/style/images/art/fa8.html]
[themes.iki-bir.com/missio/ajax/style/images/art/fa9.html]
[themes.iki-bir.com/missio/ajax/style/images/art/si37.html]
[themes.iki-bir.com/missio/ajax/style/images/art/si38.html]
[themes.iki-bir.com/missio/ajax/style/images/art/si39.html]
[themes.iki-bir.com/missio/ajax/inline-contact.html]
[themes.iki-bir.com/missio/ajax/style/images/art/p1-1.html]
[themes.iki-bir.com/missio/ajax/style/images/art/p1-2.html]
[themes.iki-bir.com/missio/ajax/style/images/art/p1-3.html]
[themes.iki-bir.com/missio/ajax/style/images/art/p1-4.html]
[themes.iki-bir.com/missio/ajax/style/images/art/p1-5.html]
[themes.iki-bir.com/missio/ajax/style/images/art/p1-6.html]
[themes.iki-bir.com/missio/ajax/style/images/art/p1-7.html]
[themes.iki-bir.com/missio/ajax/style/images/art/p1-8.html]
[themes.iki-bir.com/missio/ajax/style/images/art/p2-1.html]
[themes.iki-bir.com/missio/ajax/style/images/art/p2-2.html]
[themes.iki-bir.com/missio/ajax/style/images/art/p2-3.html]
[themes.iki-bir.com/missio/ajax/style/images/art/p2-4.html]
[themes.iki-bir.com/missio/ajax/style/images/art/p2-5.html]
[themes.iki-bir.com/missio/ajax/style/images/art/p2-6.html]
[themes.iki-bir.com/missio/ajax/style/images/art/p2-7.html]
[themes.iki-bir.com/missio/ajax/style/images/art/p3-1.html]
[themes.iki-bir.com/missio/ajax/style/images/art/p3-2.html]
[themes.iki-bir.com/missio/ajax/style/images/art/p3-3.html]
[themes.iki-bir.com/missio/ajax/style/images/art/p3-4.html]
[themes.iki-bir.com/missio/ajax/style/images/art/p3-5.html]
[themes.iki-bir.com/missio/ajax/style/images/art/p3-6.html]
[themes.iki-bir.com/missio/ajax/style/images/art/p3-7.html]
[themes.iki-bir.com/missio/ajax/style/images/art/p3-8.html]
[themes.iki-bir.com/missio/ajax/style/images/art/p4-1.html]
[themes.iki-bir.com/missio/ajax/style/images/art/p4-2.html]
[themes.iki-bir.com/missio/ajax/style/images/art/p4-3.html]
[themes.iki-bir.com/missio/ajax/style/images/art/p4-4.html]
[themes.iki-bir.com/missio/ajax/style/images/art/p4-5.html]
[themes.iki-bir.com/missio/ajax/style/images/art/p4-6.html]
[themes.iki-bir.com/missio/ajax/style/images/art/p4-7.html]
[themes.iki-bir.com/missio/ajax/style/images/art/p4-8.html]
[themes.iki-bir.com/missio/ajax/style/images/art/p4-9.html]
[themes.iki-bir.com/missio/ajax/style/images/art/p5-1.html]
[themes.iki-bir.com/missio/ajax/style/images/art/p5-2.html]
[themes.iki-bir.com/missio/ajax/style/images/art/p5-3.html]
[themes.iki-bir.com/missio/ajax/style/images/art/p5-4.html]
[themes.iki-bir.com/missio/ajax/style/images/art/p5-5.html]
[themes.iki-bir.com/missio/ajax/style/images/art/p5-6.html]
[themes.iki-bir.com/missio/ajax/style/images/art/p5-7.html]
[themes.iki-bir.com/missio/ajax/style/images/art/p5-8.html]
[themes.iki-bir.com/missio/ajax/style/images/art/p5-9.html]
[themes.iki-bir.com/missio/ajax/style/images/art/p5-10.html]
[themes.iki-bir.com/missio/ajax/style/images/art/p6-1.html]
[themes.iki-bir.com/missio/ajax/style/images/art/p6-2.html]
[themes.iki-bir.com/missio/ajax/style/images/art/p6-3.html]
[themes.iki-bir.com/missio/ajax/style/images/art/p6-4.html]
[themes.iki-bir.com/missio/ajax/style/images/art/p6-5.html]
[themes.iki-bir.com/missio/ajax/style/images/art/p6-6.html]
[themes.iki-bir.com/missio/ajax/style/images/art/p6-7.html]
[themes.iki-bir.com/missio/ajax/style/images/art/p7-1.html]
[themes.iki-bir.com/missio/ajax/style/images/art/p7-2.html]
[themes.iki-bir.com/missio/ajax/style/images/art/p7-3.html]
[themes.iki-bir.com/missio/ajax/style/images/art/p7-4.html]
[themes.iki-bir.com/missio/ajax/style/images/art/p7-5.html]
[themes.iki-bir.com/missio/ajax/style/images/art/p7-6.html]
[themes.iki-bir.com/missio/ajax/style/images/art/p7-7.html]
[themes.iki-bir.com/missio/ajax/style/images/art/p7-8.html]
[themes.iki-bir.com/missio/ajax/style/images/art/p8-1.html]
[themes.iki-bir.com/missio/ajax/style/images/art/p8-2.html]
[themes.iki-bir.com/missio/ajax/style/images/art/p8-3.html]
[themes.iki-bir.com/missio/ajax/style/images/art/p8-4.html]
[themes.iki-bir.com/missio/ajax/style/images/art/p8-5.html]
[themes.iki-bir.com/missio/ajax/style/images/art/p8-6.html]
[themes.iki-bir.com/missio/ajax/style/images/art/p8-7.html]
[themes.iki-bir.com/missio/ajax/style/images/art/p8-8.html]
[themes.iki-bir.com/missio/ajax/style/images/art/p9-1.html]
[themes.iki-bir.com/missio/ajax/style/images/art/p9-2.html]
[themes.iki-bir.com/missio/ajax/style/images/art/p9-3.html]
[themes.iki-bir.com/missio/ajax/style/images/art/p9-4.html]
[themes.iki-bir.com/missio/ajax/style/images/art/p9-5.html]
[themes.iki-bir.com/missio/ajax/style/images/art/p9-6.html]
[themes.iki-bir.com/missio/ajax/style/images/art/p9-7.html]
[themes.iki-bir.com/missio/ajax/style/images/art/p9-8.html]
[themes.iki-bir.com/missio/ajax/style/images/art/p10-1.html]
[themes.iki-bir.com/missio/ajax/style/images/art/p10-2.html]
[themes.iki-bir.com/missio/ajax/style/images/art/p10-3.html]
[themes.iki-bir.com/missio/ajax/style/images/art/p10-4.html]
[themes.iki-bir.com/missio/ajax/style/images/art/p10-5.html]
[themes.iki-bir.com/missio/ajax/style/images/art/p10-6.html]
[themes.iki-bir.com/missio/ajax/style/images/art/p10-7.html]
[themes.iki-bir.com/missio/ajax/style/images/art/p10-8.html]
[themes.iki-bir.com/missio/ajax/style/images/art/p11-1.html]
[themes.iki-bir.com/missio/ajax/style/images/art/p11-2.html]
[themes.iki-bir.com/missio/ajax/style/images/art/p11-3.html]
[themes.iki-bir.com/missio/ajax/style/images/art/p11-4.html]
[themes.iki-bir.com/missio/ajax/style/images/art/p11-5.html]
[themes.iki-bir.com/missio/ajax/style/images/art/p11-6.html]
[themes.iki-bir.com/missio/ajax/style/images/art/p11-7.html]
[themes.iki-bir.com/missio/ajax/style/images/art/p11-8.html]
[themes.iki-bir.com/missio/ajax/style/images/art/p11-9.html]
[themes.iki-bir.com/missio/ajax/style/images/art/p11-10.html]
[themes.iki-bir.com/missio/ajax/style/images/art/p11-11.html]
[themes.iki-bir.com/missio/style/images/art/b8.jpg]
[themes.iki-bir.com/missio/style/images/art/g2.jpg]
[themes.iki-bir.com/missio/style/images/art/mp1.jpg]
[themes.iki-bir.com/missio/style/images/art/slider-bg73.jpg]
[themes.iki-bir.com/missio/ajax/style/images/art/pf1-1.html]
[themes.iki-bir.com/missio/ajax/style/images/art/pf1-2.html]
[themes.iki-bir.com/missio/ajax/style/images/art/pf1-3.html]
[themes.iki-bir.com/missio/ajax/style/images/art/pf1-4.html]
[themes.iki-bir.com/missio/ajax/style/images/art/pf1-5.html]
[themes.iki-bir.com/missio/ajax/style/images/art/pf1-6.html]
[themes.iki-bir.com/missio/ajax/style/images/art/pf1-7.html]
[themes.iki-bir.com/missio/ajax/style/images/art/pf1-8.html]
[themes.iki-bir.com/missio/ajax/style/images/art/pf1-9.html]
[themes.iki-bir.com/missio/ajax/style/images/art/pf1-10.html]
[themes.iki-bir.com/missio/ajax/style/images/art/pf2-1.html]
[themes.iki-bir.com/missio/ajax/style/images/art/pf2-2.html]
[themes.iki-bir.com/missio/ajax/style/images/art/pf2-3.html]
[themes.iki-bir.com/missio/ajax/style/images/art/pf2-4.html]
[themes.iki-bir.com/missio/ajax/style/images/art/pf2-5.html]
[themes.iki-bir.com/missio/ajax/style/images/art/pf2-6.html]
[themes.iki-bir.com/missio/ajax/style/images/art/pf2-7.html]
[themes.iki-bir.com/missio/ajax/style/images/art/pf2-8.html]
[themes.iki-bir.com/missio/ajax/style/images/art/pf3-1.html]
[themes.iki-bir.com/missio/ajax/style/images/art/pf3-2.html]
[themes.iki-bir.com/missio/ajax/style/images/art/pf3-3.html]
[themes.iki-bir.com/missio/ajax/style/images/art/pf3-4.html]
[themes.iki-bir.com/missio/ajax/style/images/art/pf3-5.html]
[themes.iki-bir.com/missio/ajax/style/images/art/pf3-6.html]
[themes.iki-bir.com/missio/ajax/style/images/art/pf3-7.html]
[themes.iki-bir.com/missio/ajax/style/images/art/pf3-8.html]
[themes.iki-bir.com/missio/ajax/style/images/art/pf3-9.html]
[themes.iki-bir.com/missio/ajax/portfolio5-post4.html]
[themes.iki-bir.com/missio/ajax/style/images/art/pf5-1.html]
[themes.iki-bir.com/missio/ajax/style/images/art/pf5-2.html]
[themes.iki-bir.com/missio/ajax/style/images/art/pf5-3.html]
[themes.iki-bir.com/missio/ajax/style/images/art/pf5-4.html]
[themes.iki-bir.com/missio/ajax/style/images/art/pf5-5.html]
[themes.iki-bir.com/missio/ajax/style/images/art/pf5-6.html]
[themes.iki-bir.com/missio/ajax/style/images/art/pf5-7.html]
[themes.iki-bir.com/missio/ajax/style/images/art/pf5-8.html]
[themes.iki-bir.com/missio/ajax/style/images/art/pf5-9.html]
[themes.iki-bir.com/missio/ajax/style/images/art/pf5-10.html]
[themes.iki-bir.com/missio/ajax/style/images/art/pf6-1.html]
[themes.iki-bir.com/missio/ajax/style/images/art/pf6-2.html]
[themes.iki-bir.com/missio/ajax/style/images/art/pf6-3.html]
[themes.iki-bir.com/missio/ajax/style/images/art/pf6-4.html]
[themes.iki-bir.com/missio/ajax/style/images/art/pf6-5.html]
[themes.iki-bir.com/missio/ajax/style/images/art/pf6-6.html]
[themes.iki-bir.com/missio/ajax/style/images/art/pf6-7.html]
[themes.iki-bir.com/missio/ajax/style/images/art/pf6-8.html]
[themes.iki-bir.com/missio/ajax/style/images/art/pf6-9.html]
[themes.iki-bir.com/missio/ajax/style/images/art/pf7-1.html]
[themes.iki-bir.com/missio/ajax/style/images/art/pf7-2.html]
[themes.iki-bir.com/missio/ajax/style/images/art/pf7-3.html]
[themes.iki-bir.com/missio/ajax/style/images/art/pf7-4.html]
[themes.iki-bir.com/missio/ajax/style/images/art/pf7-5.html]
[themes.iki-bir.com/missio/ajax/style/images/art/pf7-6.html]
[themes.iki-bir.com/missio/ajax/style/images/art/pf7-7.html]
[themes.iki-bir.com/missio/ajax/style/images/art/pf7-8.html]
[themes.iki-bir.com/missio/ajax/style/images/art/pf7-9.html]
[themes.iki-bir.com/missio/ajax/style/images/art/pf7-10.html]
[themes.iki-bir.com/missio/ajax/style/images/art/pf8-1.html]
[themes.iki-bir.com/missio/ajax/style/images/art/pf8-2.html]
[themes.iki-bir.com/missio/ajax/style/images/art/pf8-3.html]
[themes.iki-bir.com/missio/ajax/style/images/art/pf8-4.html]
[themes.iki-bir.com/missio/ajax/style/images/art/pf8-5.html]
[themes.iki-bir.com/missio/ajax/style/images/art/pf8-6.html]
[themes.iki-bir.com/missio/ajax/style/images/art/pf8-7.html]
[themes.iki-bir.com/missio/ajax/style/images/art/pf8-8.html]
[themes.iki-bir.com/missio/ajax/style/images/art/pf8-9.html]
[themes.iki-bir.com/missio/ajax/style/images/art/pf8-10.html]
[themes.iki-bir.com/missio/ajax/style/images/art/pf8-11.html]
[themes.iki-bir.com/missio/ajax/style/images/art/pf8-12.html]
[themes.iki-bir.com/missio/style/images/art/slider-bg2.jpg]
[themes.iki-bir.com/missio/ajax/style/images/art/pf4-1.html]
[themes.iki-bir.com/missio/ajax/style/images/art/pf4-2.html]
[themes.iki-bir.com/missio/ajax/style/images/art/pf4-3.html]
[themes.iki-bir.com/missio/ajax/style/images/art/pf4-4.html]
[themes.iki-bir.com/missio/ajax/style/images/art/pf4-5.html]
[themes.iki-bir.com/missio/ajax/style/images/art/pf4-6.html]
[themes.iki-bir.com/missio/ajax/style/images/art/pf4-7.html]
[themes.iki-bir.com/missio/ajax/style/images/art/pf4-8.html]
[themes.iki-bir.com/missio/ajax/style/images/art/pf4-9.html]
[themes.iki-bir.com/missio/ajax/style/images/art/pf4-10.html]
[themes.iki-bir.com/missio/ajax/style/images/art/pf9-1.html]
[themes.iki-bir.com/missio/ajax/style/images/art/pf9-2.html]
[themes.iki-bir.com/missio/ajax/style/images/art/pf9-3.html]
[themes.iki-bir.com/missio/ajax/style/images/art/pf9-4.html]
[themes.iki-bir.com/missio/ajax/style/images/art/pf9-5.html]
[themes.iki-bir.com/missio/ajax/style/images/art/pf9-6.html]
[themes.iki-bir.com/missio/ajax/style/images/art/pf9-7.html]
[themes.iki-bir.com/missio/ajax/style/images/art/pf9-8.html]
[themes.iki-bir.com/missio/style/images/art/gp1-3.jpg]
[themes.iki-bir.com/missio/style/images/art/mp8-full.jpg]
[themes.iki-bir.com/missio/style/type/fontawesome/fontawesome-webfont3e6e.woff]
[themes.iki-bir.com/missio/style/images/art/bg16.jpg]
[themes.iki-bir.com/missio/ajax/gallery-post.html]
[themes.iki-bir.com/missio/ajax/style/images/art/au1.html]
[themes.iki-bir.com/missio/ajax/style/images/art/au2.html]
[themes.iki-bir.com/missio/ajax/style/images/art/au3.html]
[themes.iki-bir.com/missio/ajax/style/images/art/au4.html]
[themes.iki-bir.com/missio/ajax/style/images/art/au5.html]
[themes.iki-bir.com/missio/ajax/style/images/art/au6.html]
[themes.iki-bir.com/missio/ajax/style/images/art/sc1.html]
[themes.iki-bir.com/missio/ajax/style/images/art/sc2.html]
[themes.iki-bir.com/missio/ajax/style/images/art/sc3.html]
[themes.iki-bir.com/missio/ajax/style/images/art/sc4.html]
[themes.iki-bir.com/missio/ajax/style/images/art/sc5.html]
[themes.iki-bir.com/missio/ajax/style/images/art/sc6.html]
[themes.iki-bir.com/missio/ajax/style/images/art/sc7.html]
[themes.iki-bir.com/missio/ajax/style/images/art/sc8.html]
[themes.iki-bir.com/missio/ajax/style/images/art/aa1.html]
[themes.iki-bir.com/missio/ajax/style/images/art/aa2.html]
[themes.iki-bir.com/missio/ajax/style/images/art/aa3.html]
[themes.iki-bir.com/missio/ajax/style/images/art/aa4.html]
[themes.iki-bir.com/missio/ajax/style/images/art/aa5.html]
[themes.iki-bir.com/missio/ajax/style/images/art/aa6.html]
[themes.iki-bir.com/missio/ajax/style/images/art/aa7.html]
[themes.iki-bir.com/missio/ajax/style/images/art/be1.html]
[themes.iki-bir.com/missio/ajax/style/images/art/be2.html]
[themes.iki-bir.com/missio/ajax/style/images/art/be3.html]
[themes.iki-bir.com/missio/ajax/style/images/art/be4.html]
[themes.iki-bir.com/missio/ajax/style/images/art/be5.html]
[themes.iki-bir.com/missio/ajax/style/images/art/be6.html]
[themes.iki-bir.com/missio/ajax/style/images/art/be7.html]
[themes.iki-bir.com/missio/ajax/style/images/art/be8.html]
[themes.iki-bir.com/missio/style/images/art/gp2-1.jpg]
[themes.iki-bir.com/missio/style/images/art/fb2.jpg]
